[2026-04-25T14:09:33.677Z] orchestrator: {"status":"degraded","durationMs":0,"module":"autonomous"}
[2026-04-25T14:14:46.984Z] orchestrator: {"status":"degraded","durationMs":1,"module":"autonomous"}
[2026-04-25T14:16:15.739Z] orchestrator: {"status":"degraded","durationMs":1,"module":"autonomous"}
[2026-04-25T14:18:37.048Z] orchestrator: {"status":"degraded","durationMs":1,"module":"autonomous"}
[2026-04-25T14:19:57.121Z] orchestrator: {"status":"degraded","durationMs":1,"module":"autonomous"}
[2026-04-25T14:23:09.076Z] orchestrator: {"status":"degraded","durationMs":1,"module":"autonomous"}
[2026-04-25T14:24:59.891Z] orchestrator: {"status":"degraded","durationMs":1,"module":"autonomous"}
[2026-04-25T14:25:27.614Z] orchestrator: {"status":"degraded","durationMs":1,"module":"autonomous"}
[2026-04-25T14:30:03.041Z] orchestrator: {"status":"degraded","durationMs":0,"module":"autonomous"}
[2026-04-25T14:35:04.834Z] orchestrator: {"status":"degraded","durationMs":1,"module":"autonomous"}
[2026-04-25T14:40:06.951Z] orchestrator: {"status":"degraded","durationMs":0,"module":"autonomous"}
[2026-04-25T14:45:10.015Z] orchestrator: {"status":"degraded","durationMs":0,"module":"autonomous"}
[2026-04-25T14:50:13.023Z] orchestrator: {"status":"degraded","durationMs":0,"module":"autonomous"}
[2026-04-25T14:55:15.106Z] orchestrator: {"status":"degraded","durationMs":1,"module":"autonomous"}
[2026-04-25T15:00:17.186Z] orchestrator: {"status":"degraded","durationMs":0,"module":"autonomous"}
[2026-04-25T15:05:19.961Z] orchestrator: {"status":"degraded","durationMs":0,"module":"autonomous"}
[2026-04-25T15:10:22.943Z] orchestrator: {"status":"degraded","durationMs":1,"module":"autonomous"}
[2026-04-25T15:11:16.933Z] orchestrator: {"status":"degraded","durationMs":0,"module":"autonomous"}
[2026-04-25T15:15:24.988Z] orchestrator: {"status":"degraded","durationMs":1,"module":"autonomous"}
[2026-04-25T15:19:17.480Z] queue: {"total":2,"completed":1,"failed":1,"results":[{"command":"sudo find /var/log -type f -size +20M -exec truncate -s 0 {} \\; && sudo apt-get autoremove -y","success":true,"output":"Reading package lists...\nBuilding dependency tree...\nReading state information...\n0 upgraded, 0 newly installed, 0 to remove and 0 not upgraded."},{"command":"Initial system check","success":false,"error":"Command failed: Initial system check\n/bin/sh: 1: Initial: not found\n"}]}
[2026-04-25T15:19:17.680Z] orchestrator: {"status":"degraded","durationMs":0,"module":"autonomous"}
[2026-04-25T15:20:33.398Z] queue: {"total":1,"completed":1,"failed":0,"results":[{"command":"sudo find /var/log -type f -size +20M -exec truncate -s 0 {} \\; && sudo apt-get autoremove -y","success":true,"output":"Reading package lists...\nBuilding dependency tree...\nReading state information...\n0 upgraded, 0 newly installed, 0 to remove and 0 not upgraded."}]}
[2026-04-25T15:20:34.312Z] orchestrator: {"status":"healthy","durationMs":0,"module":"autonomous"}
[2026-04-25T15:25:30.738Z] queue: {"total":1,"completed":1,"failed":0,"results":[{"command":"sudo find /var/log -type f -size +20M -exec truncate -s 0 {} \\; && sudo apt-get autoremove -y","success":true,"output":"Reading package lists...\nBuilding dependency tree...\nReading state information...\n0 upgraded, 0 newly installed, 0 to remove and 0 not upgraded."}]}
[2026-04-25T15:25:30.831Z] orchestrator: {"status":"healthy","durationMs":1,"module":"autonomous"}
[2026-04-25T15:30:35.254Z] queue: {"total":1,"completed":1,"failed":0,"results":[{"command":"sudo find /var/log -type f -size +20M -exec truncate -s 0 {} \\; && sudo apt-get autoremove -y","success":true,"output":"Reading package lists...\nBuilding dependency tree...\nReading state information...\n0 upgraded, 0 newly installed, 0 to remove and 0 not upgraded."}]}
[2026-04-25T15:30:36.171Z] orchestrator: {"status":"healthy","durationMs":1,"module":"autonomous"}
[2026-04-25T15:35:37.330Z] queue: {"total":1,"completed":1,"failed":0,"results":[{"command":"sudo find /var/log -type f -size +20M -exec truncate -s 0 {} \\; && sudo apt-get autoremove -y","success":true,"output":"Reading package lists...\nBuilding dependency tree...\nReading state information...\n0 upgraded, 0 newly installed, 0 to remove and 0 not upgraded."}]}
[2026-04-25T15:35:38.315Z] orchestrator: {"status":"healthy","durationMs":1,"module":"autonomous"}
[2026-04-25T15:40:39.412Z] queue: {"total":1,"completed":1,"failed":0,"results":[{"command":"sudo find /var/log -type f -size +20M -exec truncate -s 0 {} \\; && sudo apt-get autoremove -y","success":true,"output":"Reading package lists...\nBuilding dependency tree...\nReading state information...\n0 upgraded, 0 newly installed, 0 to remove and 0 not upgraded."}]}
[2026-04-25T15:40:40.419Z] orchestrator: {"status":"healthy","durationMs":1,"module":"autonomous"}
[2026-04-25T15:45:42.527Z] queue: {"total":1,"completed":1,"failed":0,"results":[{"command":"sudo find /var/log -type f -size +20M -exec truncate -s 0 {} \\; && sudo apt-get autoremove -y","success":true,"output":"Reading package lists...\nBuilding dependency tree...\nReading state information...\n0 upgraded, 0 newly installed, 0 to remove and 0 not upgraded."}]}
[2026-04-25T15:45:43.477Z] orchestrator: {"status":"healthy","durationMs":1,"module":"autonomous"}
[2026-04-25T15:50:45.373Z] queue: {"total":1,"completed":1,"failed":0,"results":[{"command":"sudo find /var/log -type f -size +20M -exec truncate -s 0 {} \\; && sudo apt-get autoremove -y","success":true,"output":"Reading package lists...\nBuilding dependency tree...\nReading state information...\n0 upgraded, 0 newly installed, 0 to remove and 0 not upgraded."}]}
[2026-04-25T15:50:46.321Z] orchestrator: {"status":"healthy","durationMs":1,"module":"autonomous"}
[2026-04-25T15:55:47.221Z] queue: {"total":1,"completed":1,"failed":0,"results":[{"command":"sudo find /var/log -type f -size +20M -exec truncate -s 0 {} \\; && sudo apt-get autoremove -y","success":true,"output":"Reading package lists...\nBuilding dependency tree...\nReading state information...\n0 upgraded, 0 newly installed, 0 to remove and 0 not upgraded."}]}
[2026-04-25T15:55:48.157Z] orchestrator: {"status":"healthy","durationMs":1,"module":"autonomous"}
[2026-04-25T16:00:48.057Z] queue: {"total":1,"completed":1,"failed":0,"results":[{"command":"sudo find /var/log -type f -size +20M -exec truncate -s 0 {} \\; && sudo apt-get autoremove -y","success":true,"output":"Reading package lists...\nBuilding dependency tree...\nReading state information...\n0 upgraded, 0 newly installed, 0 to remove and 0 not upgraded."}]}
[2026-04-25T16:00:48.134Z] orchestrator: {"status":"healthy","durationMs":1,"module":"autonomous"}
[2026-04-25T16:05:51.829Z] queue: {"total":1,"completed":1,"failed":0,"results":[{"command":"sudo find /var/log -type f -size +20M -exec truncate -s 0 {} \\; && sudo apt-get autoremove -y","success":true,"output":"Reading package lists...\nBuilding dependency tree...\nReading state information...\n0 upgraded, 0 newly installed, 0 to remove and 0 not upgraded."}]}
[2026-04-25T16:05:53.090Z] orchestrator: {"status":"healthy","durationMs":0,"module":"autonomous"}
[2026-04-25T16:07:16.256Z] queue: {"total":3,"completed":3,"failed":0,"results":[{"command":"sudo find /var/log -type f -size +20M -exec truncate -s 0 {} \\; && sudo apt-get autoremove -y","success":true,"output":"Reading package lists...\nBuilding dependency tree...\nReading state information...\n0 upgraded, 0 newly installed, 0 to remove and 0 not upgraded."},{"command":"echo \"Deina Autonomous System is online\"","success":true,"output":"Deina Autonomous System is online"},{"command":"uptime","success":true,"output":"23:07:16 up 1 day, 52 min,  4 users,  load average: 0.02, 0.09, 0.11"}]}
[2026-04-25T16:07:16.423Z] orchestrator: {"status":"healthy","durationMs":1,"module":"autonomous"}
[2026-04-25T16:10:55.540Z] queue: {"total":1,"completed":1,"failed":0,"results":[{"command":"sudo find /var/log -type f -size +20M -exec truncate -s 0 {} \\; && sudo apt-get autoremove -y","success":true,"output":"Reading package lists...\nBuilding dependency tree...\nReading state information...\n0 upgraded, 0 newly installed, 0 to remove and 0 not upgraded."}]}
[2026-04-25T16:10:56.500Z] orchestrator: {"status":"healthy","durationMs":0,"module":"autonomous"}
[2026-04-25T16:15:57.041Z] queue: {"total":1,"completed":1,"failed":0,"results":[{"command":"sudo find /var/log -type f -size +20M -exec truncate -s 0 {} \\; && sudo apt-get autoremove -y","success":true,"output":"Reading package lists...\nBuilding dependency tree...\nReading state information...\n0 upgraded, 0 newly installed, 0 to remove and 0 not upgraded."}]}
[2026-04-25T16:15:57.996Z] orchestrator: {"status":"healthy","durationMs":1,"module":"autonomous"}
[2026-04-25T16:20:59.305Z] queue: {"total":1,"completed":1,"failed":0,"results":[{"command":"sudo find /var/log -type f -size +20M -exec truncate -s 0 {} \\; && sudo apt-get autoremove -y","success":true,"output":"Reading package lists...\nBuilding dependency tree...\nReading state information...\n0 upgraded, 0 newly installed, 0 to remove and 0 not upgraded."}]}
[2026-04-25T16:21:00.209Z] orchestrator: {"status":"healthy","durationMs":0,"module":"autonomous"}
[2026-04-25T16:26:01.508Z] queue: {"total":1,"completed":1,"failed":0,"results":[{"command":"sudo find /var/log -type f -size +20M -exec truncate -s 0 {} \\; && sudo apt-get autoremove -y","success":true,"output":"Reading package lists...\nBuilding dependency tree...\nReading state information...\n0 upgraded, 0 newly installed, 0 to remove and 0 not upgraded."}]}
[2026-04-25T16:26:02.397Z] orchestrator: {"status":"healthy","durationMs":1,"module":"autonomous"}
[2026-04-25T16:31:03.882Z] queue: {"total":1,"completed":1,"failed":0,"results":[{"command":"sudo find /var/log -type f -size +20M -exec truncate -s 0 {} \\; && sudo apt-get autoremove -y","success":true,"output":"Reading package lists...\nBuilding dependency tree...\nReading state information...\n0 upgraded, 0 newly installed, 0 to remove and 0 not upgraded."}]}
[2026-04-25T16:31:04.911Z] orchestrator: {"status":"healthy","durationMs":1,"module":"autonomous"}
[2026-04-25T16:36:04.825Z] queue: {"total":1,"completed":1,"failed":0,"results":[{"command":"sudo find /var/log -type f -size +20M -exec truncate -s 0 {} \\; && sudo apt-get autoremove -y","success":true,"output":"Reading package lists...\nBuilding dependency tree...\nReading state information...\n0 upgraded, 0 newly installed, 0 to remove and 0 not upgraded."}]}
[2026-04-25T16:36:04.895Z] orchestrator: {"status":"healthy","durationMs":0,"module":"autonomous"}
[2026-04-25T16:41:09.306Z] queue: {"total":1,"completed":1,"failed":0,"results":[{"command":"sudo find /var/log -type f -size +20M -exec truncate -s 0 {} \\; && sudo apt-get autoremove -y","success":true,"output":"Reading package lists...\nBuilding dependency tree...\nReading state information...\n0 upgraded, 0 newly installed, 0 to remove and 0 not upgraded."}]}
[2026-04-25T16:41:10.211Z] orchestrator: {"status":"healthy","durationMs":1,"module":"autonomous"}
[2026-04-25T16:46:11.357Z] queue: {"total":1,"completed":1,"failed":0,"results":[{"command":"sudo find /var/log -type f -size +20M -exec truncate -s 0 {} \\; && sudo apt-get autoremove -y","success":true,"output":"Reading package lists...\nBuilding dependency tree...\nReading state information...\n0 upgraded, 0 newly installed, 0 to remove and 0 not upgraded."}]}
[2026-04-25T16:46:12.269Z] orchestrator: {"status":"healthy","durationMs":0,"module":"autonomous"}
[2026-04-25T16:51:13.694Z] queue: {"total":1,"completed":1,"failed":0,"results":[{"command":"sudo find /var/log -type f -size +20M -exec truncate -s 0 {} \\; && sudo apt-get autoremove -y","success":true,"output":"Reading package lists...\nBuilding dependency tree...\nReading state information...\n0 upgraded, 0 newly installed, 0 to remove and 0 not upgraded."}]}
[2026-04-25T16:51:14.668Z] orchestrator: {"status":"healthy","durationMs":2,"module":"autonomous"}
[2026-04-25T16:54:53.620Z] queue: {"total":1,"completed":1,"failed":0,"results":[{"command":"sudo find /var/log -type f -size +20M -exec truncate -s 0 {} \\; && sudo apt-get autoremove -y","success":true,"output":"Reading package lists...\nBuilding dependency tree...\nReading state information...\n0 upgraded, 0 newly installed, 0 to remove and 0 not upgraded."}]}
[2026-04-25T16:54:53.777Z] orchestrator: {"status":"healthy","durationMs":3382,"module":"autonomous","alerts":[]}
[2026-04-25T16:55:24.789Z] queue: {"total":1,"completed":1,"failed":0,"results":[{"command":"sudo find /var/log -type f -size +20M -exec truncate -s 0 {} \\; && sudo apt-get autoremove -y","success":true,"output":"Reading package lists...\nBuilding dependency tree...\nReading state information...\n0 upgraded, 0 newly installed, 0 to remove and 0 not upgraded."}]}
[2026-04-25T16:55:24.960Z] orchestrator: {"status":"healthy","durationMs":2002,"module":"autonomous","alerts":[]}
[2026-04-25T16:56:16.759Z] queue: {"total":1,"completed":1,"failed":0,"results":[{"command":"sudo find /var/log -type f -size +20M -exec truncate -s 0 {} \\; && sudo apt-get autoremove -y","success":true,"output":"Reading package lists...\nBuilding dependency tree...\nReading state information...\n0 upgraded, 0 newly installed, 0 to remove and 0 not upgraded."}]}
[2026-04-25T16:56:17.855Z] orchestrator: {"status":"healthy","durationMs":4404,"module":"autonomous","alerts":[]}
[2026-04-25T17:01:18.141Z] queue: {"total":1,"completed":1,"failed":0,"results":[{"command":"sudo find /var/log -type f -size +20M -exec truncate -s 0 {} \\; && sudo apt-get autoremove -y","success":true,"output":"Reading package lists...\nBuilding dependency tree...\nReading state information...\n0 upgraded, 0 newly installed, 0 to remove and 0 not upgraded."}]}
[2026-04-25T17:01:19.185Z] orchestrator: {"status":"healthy","durationMs":2848,"module":"autonomous","alerts":[]}
[2026-04-25T17:04:29.282Z] queue: {"total":1,"completed":1,"failed":0,"results":[{"command":"sudo find /var/log -type f -size +20M -exec truncate -s 0 {} \\; && sudo apt-get autoremove -y","success":true,"output":"Reading package lists...\nBuilding dependency tree...\nReading state information...\n0 upgraded, 0 newly installed, 0 to remove and 0 not upgraded."}]}
[2026-04-25T17:04:29.358Z] orchestrator: {"status":"degraded","durationMs":1580,"module":"autonomous","alerts":["app_watcher"]}
[2026-04-25T17:05:01.882Z] queue: {"total":1,"completed":1,"failed":0,"results":[{"command":"sudo find /var/log -type f -size +20M -exec truncate -s 0 {} \\; && sudo apt-get autoremove -y","success":true,"output":"Reading package lists...\nBuilding dependency tree...\nReading state information...\n0 upgraded, 0 newly installed, 0 to remove and 0 not upgraded."}]}
[2026-04-25T17:05:02.008Z] orchestrator: {"status":"degraded","durationMs":1991,"module":"autonomous","alerts":["app_watcher"]}
[2026-04-25T17:06:20.994Z] queue: {"total":1,"completed":1,"failed":0,"results":[{"command":"sudo find /var/log -type f -size +20M -exec truncate -s 0 {} \\; && sudo apt-get autoremove -y","success":true,"output":"Reading package lists...\nBuilding dependency tree...\nReading state information...\n0 upgraded, 0 newly installed, 0 to remove and 0 not upgraded."}]}
[2026-04-25T17:06:21.916Z] orchestrator: {"status":"degraded","durationMs":3588,"module":"autonomous","alerts":["app_watcher"]}
[2026-04-25T17:06:29.515Z] queue: {"total":1,"completed":1,"failed":0,"results":[{"command":"sudo find /var/log -type f -size +20M -exec truncate -s 0 {} \\; && sudo apt-get autoremove -y","success":true,"output":"Reading package lists...\nBuilding dependency tree...\nReading state information...\n0 upgraded, 0 newly installed, 0 to remove and 0 not upgraded."}]}
[2026-04-25T17:06:29.689Z] orchestrator: {"status":"degraded","durationMs":1683,"module":"autonomous","alerts":["app_watcher"]}
[2026-04-25T17:11:23.274Z] queue: {"total":1,"completed":1,"failed":0,"results":[{"command":"sudo find /var/log -type f -size +20M -exec truncate -s 0 {} \\; && sudo apt-get autoremove -y","success":true,"output":"Reading package lists...\nBuilding dependency tree...\nReading state information...\n0 upgraded, 0 newly installed, 0 to remove and 0 not upgraded."}]}
[2026-04-25T17:11:43.393Z] orchestrator: {"status":"degraded","durationMs":21967,"module":"autonomous","alerts":["app_watcher"]}
[2026-04-25T17:16:24.975Z] queue: {"total":1,"completed":1,"failed":0,"results":[{"command":"sudo find /var/log -type f -size +20M -exec truncate -s 0 {} \\; && sudo apt-get autoremove -y","success":true,"output":"Reading package lists...\nBuilding dependency tree...\nReading state information...\n0 upgraded, 0 newly installed, 0 to remove and 0 not upgraded."}]}
[2026-04-25T17:16:45.209Z] orchestrator: {"status":"degraded","durationMs":21767,"module":"autonomous","alerts":["app_watcher"]}
[2026-04-25T17:21:29.543Z] queue: {"total":1,"completed":1,"failed":0,"results":[{"command":"sudo find /var/log -type f -size +20M -exec truncate -s 0 {} \\; && sudo apt-get autoremove -y","success":true,"output":"Reading package lists...\nBuilding dependency tree...\nReading state information...\n0 upgraded, 0 newly installed, 0 to remove and 0 not upgraded."}]}
[2026-04-25T17:21:49.767Z] orchestrator: {"status":"degraded","durationMs":23277,"module":"autonomous","alerts":["app_watcher"]}
[2026-04-25T17:26:30.787Z] queue: {"total":1,"completed":1,"failed":0,"results":[{"command":"sudo find /var/log -type f -size +20M -exec truncate -s 0 {} \\; && sudo apt-get autoremove -y","success":true,"output":"Reading package lists...\nBuilding dependency tree...\nReading state information...\n0 upgraded, 0 newly installed, 0 to remove and 0 not upgraded."}]}
[2026-04-25T17:26:50.902Z] orchestrator: {"status":"degraded","durationMs":22555,"module":"autonomous","alerts":["app_watcher"]}
[2026-04-25T17:31:34.579Z] queue: {"total":1,"completed":1,"failed":0,"results":[{"command":"sudo find /var/log -type f -size +20M -exec truncate -s 0 {} \\; && sudo apt-get autoremove -y","success":true,"output":"Reading package lists...\nBuilding dependency tree...\nReading state information...\n0 upgraded, 0 newly installed, 0 to remove and 0 not upgraded."}]}
[2026-04-25T17:31:54.718Z] orchestrator: {"status":"degraded","durationMs":23382,"module":"autonomous","alerts":["app_watcher"]}
[2026-04-25T17:36:36.203Z] queue: {"total":1,"completed":1,"failed":0,"results":[{"command":"sudo find /var/log -type f -size +20M -exec truncate -s 0 {} \\; && sudo apt-get autoremove -y","success":true,"output":"Reading package lists...\nBuilding dependency tree...\nReading state information...\n0 upgraded, 0 newly installed, 0 to remove and 0 not upgraded."}]}
[2026-04-25T17:36:56.433Z] orchestrator: {"status":"degraded","durationMs":22975,"module":"autonomous","alerts":["app_watcher"]}
[2026-04-25T17:41:38.205Z] queue: {"total":1,"completed":1,"failed":0,"results":[{"command":"sudo find /var/log -type f -size +20M -exec truncate -s 0 {} \\; && sudo apt-get autoremove -y","success":true,"output":"Reading package lists...\nBuilding dependency tree...\nReading state information...\n0 upgraded, 0 newly installed, 0 to remove and 0 not upgraded."}]}
[2026-04-25T17:41:58.333Z] orchestrator: {"status":"degraded","durationMs":21970,"module":"autonomous","alerts":["app_watcher"]}
[2026-04-25T17:46:40.228Z] queue: {"total":1,"completed":1,"failed":0,"results":[{"command":"sudo find /var/log -type f -size +20M -exec truncate -s 0 {} \\; && sudo apt-get autoremove -y","success":true,"output":"Reading package lists...\nBuilding dependency tree...\nReading state information...\n0 upgraded, 0 newly installed, 0 to remove and 0 not upgraded."}]}
[2026-04-25T17:47:00.342Z] orchestrator: {"status":"degraded","durationMs":22001,"module":"autonomous","alerts":["app_watcher"]}
[2026-04-25T17:51:42.112Z] queue: {"total":1,"completed":1,"failed":0,"results":[{"command":"sudo find /var/log -type f -size +20M -exec truncate -s 0 {} \\; && sudo apt-get autoremove -y","success":true,"output":"Reading package lists...\nBuilding dependency tree...\nReading state information...\n0 upgraded, 0 newly installed, 0 to remove and 0 not upgraded."}]}
[2026-04-25T17:52:02.251Z] orchestrator: {"status":"degraded","durationMs":21910,"module":"autonomous","alerts":["app_watcher"]}
[2026-04-25T17:56:45.318Z] queue: {"total":1,"completed":1,"failed":0,"results":[{"command":"sudo find /var/log -type f -size +20M -exec truncate -s 0 {} \\; && sudo apt-get autoremove -y","success":true,"output":"Reading package lists...\nBuilding dependency tree...\nReading state information...\n0 upgraded, 0 newly installed, 0 to remove and 0 not upgraded."}]}
[2026-04-25T17:57:05.522Z] orchestrator: {"status":"degraded","durationMs":22122,"module":"autonomous","alerts":["app_watcher"]}
[2026-04-25T18:01:47.080Z] queue: {"total":1,"completed":1,"failed":0,"results":[{"command":"sudo find /var/log -type f -size +20M -exec truncate -s 0 {} \\; && sudo apt-get autoremove -y","success":true,"output":"Reading package lists...\nBuilding dependency tree...\nReading state information...\n0 upgraded, 0 newly installed, 0 to remove and 0 not upgraded."}]}
[2026-04-25T18:02:07.297Z] orchestrator: {"status":"degraded","durationMs":21890,"module":"autonomous","alerts":["app_watcher"]}
[2026-04-25T18:06:48.096Z] queue: {"total":1,"completed":1,"failed":0,"results":[{"command":"sudo find /var/log -type f -size +20M -exec truncate -s 0 {} \\; && sudo apt-get autoremove -y","success":true,"output":"Reading package lists...\nBuilding dependency tree...\nReading state information...\n0 upgraded, 0 newly installed, 0 to remove and 0 not upgraded."}]}
[2026-04-25T18:07:08.328Z] orchestrator: {"status":"degraded","durationMs":21893,"module":"autonomous","alerts":["app_watcher"]}
[2026-04-25T18:11:53.482Z] queue: {"total":1,"completed":1,"failed":0,"results":[{"command":"sudo find /var/log -type f -size +20M -exec truncate -s 0 {} \\; && sudo apt-get autoremove -y","success":true,"output":"Reading package lists...\nBuilding dependency tree...\nReading state information...\n0 upgraded, 0 newly installed, 0 to remove and 0 not upgraded."}]}
[2026-04-25T18:12:13.588Z] orchestrator: {"status":"degraded","durationMs":23165,"module":"autonomous","alerts":["app_watcher"]}
[2026-04-25T18:16:54.915Z] queue: {"total":1,"completed":1,"failed":0,"results":[{"command":"sudo find /var/log -type f -size +20M -exec truncate -s 0 {} \\; && sudo apt-get autoremove -y","success":true,"output":"Reading package lists...\nBuilding dependency tree...\nReading state information...\n0 upgraded, 0 newly installed, 0 to remove and 0 not upgraded."}]}
[2026-04-25T18:17:15.029Z] orchestrator: {"status":"degraded","durationMs":21681,"module":"autonomous","alerts":["app_watcher"]}
[2026-04-25T18:21:58.526Z] queue: {"total":1,"completed":1,"failed":0,"results":[{"command":"sudo find /var/log -type f -size +20M -exec truncate -s 0 {} \\; && sudo apt-get autoremove -y","success":true,"output":"Reading package lists...\nBuilding dependency tree...\nReading state information...\n0 upgraded, 0 newly installed, 0 to remove and 0 not upgraded."}]}
[2026-04-25T18:22:18.748Z] orchestrator: {"status":"degraded","durationMs":23218,"module":"autonomous","alerts":["app_watcher"]}
[2026-04-25T18:26:59.514Z] queue: {"total":1,"completed":1,"failed":0,"results":[{"command":"sudo find /var/log -type f -size +20M -exec truncate -s 0 {} \\; && sudo apt-get autoremove -y","success":true,"output":"Reading package lists...\nBuilding dependency tree...\nReading state information...\n0 upgraded, 0 newly installed, 0 to remove and 0 not upgraded."}]}
[2026-04-25T18:27:19.650Z] orchestrator: {"status":"degraded","durationMs":23224,"module":"autonomous","alerts":["app_watcher"]}
[2026-04-25T18:32:02.172Z] queue: {"total":1,"completed":1,"failed":0,"results":[{"command":"sudo find /var/log -type f -size +20M -exec truncate -s 0 {} \\; && sudo apt-get autoremove -y","success":true,"output":"Reading package lists...\nBuilding dependency tree...\nReading state information...\n0 upgraded, 0 newly installed, 0 to remove and 0 not upgraded."}]}
[2026-04-25T18:32:22.301Z] orchestrator: {"status":"degraded","durationMs":21879,"module":"autonomous","alerts":["app_watcher"]}
[2026-04-25T18:37:06.445Z] queue: {"total":1,"completed":1,"failed":0,"results":[{"command":"sudo find /var/log -type f -size +20M -exec truncate -s 0 {} \\; && sudo apt-get autoremove -y","success":true,"output":"Reading package lists...\nBuilding dependency tree...\nReading state information...\n0 upgraded, 0 newly installed, 0 to remove and 0 not upgraded."}]}
[2026-04-25T18:37:26.618Z] orchestrator: {"status":"degraded","durationMs":23131,"module":"autonomous","alerts":["app_watcher"]}
[2026-04-25T18:42:07.753Z] queue: {"total":1,"completed":1,"failed":0,"results":[{"command":"sudo find /var/log -type f -size +20M -exec truncate -s 0 {} \\; && sudo apt-get autoremove -y","success":true,"output":"Reading package lists...\nBuilding dependency tree...\nReading state information...\n0 upgraded, 0 newly installed, 0 to remove and 0 not upgraded."}]}
[2026-04-25T18:42:27.951Z] orchestrator: {"status":"degraded","durationMs":22436,"module":"autonomous","alerts":["app_watcher"]}
[2026-04-25T18:47:07.982Z] queue: {"total":1,"completed":1,"failed":0,"results":[{"command":"sudo find /var/log -type f -size +20M -exec truncate -s 0 {} \\; && sudo apt-get autoremove -y","success":true,"output":"Reading package lists...\nBuilding dependency tree...\nReading state information...\n0 upgraded, 0 newly installed, 0 to remove and 0 not upgraded."}]}
[2026-04-25T18:47:28.077Z] orchestrator: {"status":"degraded","durationMs":21722,"module":"autonomous","alerts":["app_watcher"]}
[2026-04-25T18:52:11.989Z] queue: {"total":1,"completed":1,"failed":0,"results":[{"command":"sudo find /var/log -type f -size +20M -exec truncate -s 0 {} \\; && sudo apt-get autoremove -y","success":true,"output":"Reading package lists...\nBuilding dependency tree...\nReading state information...\n0 upgraded, 0 newly installed, 0 to remove and 0 not upgraded."}]}
[2026-04-25T18:52:32.193Z] orchestrator: {"status":"degraded","durationMs":21662,"module":"autonomous","alerts":["app_watcher"]}
[2026-04-25T18:57:14.911Z] queue: {"total":1,"completed":1,"failed":0,"results":[{"command":"sudo find /var/log -type f -size +20M -exec truncate -s 0 {} \\; && sudo apt-get autoremove -y","success":true,"output":"Reading package lists...\nBuilding dependency tree...\nReading state information...\n0 upgraded, 0 newly installed, 0 to remove and 0 not upgraded."}]}
[2026-04-25T18:57:35.072Z] orchestrator: {"status":"degraded","durationMs":21696,"module":"autonomous","alerts":["app_watcher"]}
[2026-04-25T19:02:17.180Z] queue: {"total":1,"completed":1,"failed":0,"results":[{"command":"sudo find /var/log -type f -size +20M -exec truncate -s 0 {} \\; && sudo apt-get autoremove -y","success":true,"output":"Reading package lists...\nBuilding dependency tree...\nReading state information...\n0 upgraded, 0 newly installed, 0 to remove and 0 not upgraded."}]}
[2026-04-25T19:02:37.282Z] orchestrator: {"status":"degraded","durationMs":21822,"module":"autonomous","alerts":["app_watcher"]}
[2026-04-25T19:07:19.692Z] queue: {"total":1,"completed":1,"failed":0,"results":[{"command":"sudo find /var/log -type f -size +20M -exec truncate -s 0 {} \\; && sudo apt-get autoremove -y","success":true,"output":"Reading package lists...\nBuilding dependency tree...\nReading state information...\n0 upgraded, 0 newly installed, 0 to remove and 0 not upgraded."}]}
[2026-04-25T19:07:39.898Z] orchestrator: {"status":"degraded","durationMs":23401,"module":"autonomous","alerts":["app_watcher"]}
[2026-04-25T19:12:22.700Z] queue: {"total":1,"completed":1,"failed":0,"results":[{"command":"sudo find /var/log -type f -size +20M -exec truncate -s 0 {} \\; && sudo apt-get autoremove -y","success":true,"output":"Reading package lists...\nBuilding dependency tree...\nReading state information...\n0 upgraded, 0 newly installed, 0 to remove and 0 not upgraded."}]}
[2026-04-25T19:12:42.805Z] orchestrator: {"status":"degraded","durationMs":22468,"module":"autonomous","alerts":["app_watcher"]}
[2026-04-25T19:17:26.405Z] queue: {"total":1,"completed":1,"failed":0,"results":[{"command":"sudo find /var/log -type f -size +20M -exec truncate -s 0 {} \\; && sudo apt-get autoremove -y","success":true,"output":"Reading package lists...\nBuilding dependency tree...\nReading state information...\n0 upgraded, 0 newly installed, 0 to remove and 0 not upgraded."}]}
[2026-04-25T19:17:46.511Z] orchestrator: {"status":"degraded","durationMs":23178,"module":"autonomous","alerts":["app_watcher"]}
[2026-04-25T19:22:28.518Z] queue: {"total":1,"completed":1,"failed":0,"results":[{"command":"sudo find /var/log -type f -size +20M -exec truncate -s 0 {} \\; && sudo apt-get autoremove -y","success":true,"output":"Reading package lists...\nBuilding dependency tree...\nReading state information...\n0 upgraded, 0 newly installed, 0 to remove and 0 not upgraded."}]}
[2026-04-25T19:22:48.640Z] orchestrator: {"status":"degraded","durationMs":23308,"module":"autonomous","alerts":["app_watcher"]}
[2026-04-25T19:27:27.865Z] queue: {"total":1,"completed":1,"failed":0,"results":[{"command":"sudo find /var/log -type f -size +20M -exec truncate -s 0 {} \\; && sudo apt-get autoremove -y","success":true,"output":"Reading package lists...\nBuilding dependency tree...\nReading state information...\n0 upgraded, 0 newly installed, 0 to remove and 0 not upgraded."}]}
[2026-04-25T19:27:48.066Z] orchestrator: {"status":"degraded","durationMs":21634,"module":"autonomous","alerts":["app_watcher"]}
[2026-04-25T19:32:31.980Z] queue: {"total":1,"completed":1,"failed":0,"results":[{"command":"sudo find /var/log -type f -size +20M -exec truncate -s 0 {} \\; && sudo apt-get autoremove -y","success":true,"output":"Reading package lists...\nBuilding dependency tree...\nReading state information...\n0 upgraded, 0 newly installed, 0 to remove and 0 not upgraded."}]}
[2026-04-25T19:32:52.209Z] orchestrator: {"status":"degraded","durationMs":21773,"module":"autonomous","alerts":["app_watcher"]}
[2026-04-25T19:37:35.067Z] queue: {"total":1,"completed":1,"failed":0,"results":[{"command":"sudo find /var/log -type f -size +20M -exec truncate -s 0 {} \\; && sudo apt-get autoremove -y","success":true,"output":"Reading package lists...\nBuilding dependency tree...\nReading state information...\n0 upgraded, 0 newly installed, 0 to remove and 0 not upgraded."}]}
[2026-04-25T19:37:55.339Z] orchestrator: {"status":"degraded","durationMs":22762,"module":"autonomous","alerts":["app_watcher"]}
[2026-04-25T19:42:36.832Z] queue: {"total":1,"completed":1,"failed":0,"results":[{"command":"sudo find /var/log -type f -size +20M -exec truncate -s 0 {} \\; && sudo apt-get autoremove -y","success":true,"output":"Reading package lists...\nBuilding dependency tree...\nReading state information...\n0 upgraded, 0 newly installed, 0 to remove and 0 not upgraded."}]}
[2026-04-25T19:42:57.056Z] orchestrator: {"status":"degraded","durationMs":21610,"module":"autonomous","alerts":["app_watcher"]}
[2026-04-25T19:47:39.242Z] queue: {"total":1,"completed":1,"failed":0,"results":[{"command":"sudo find /var/log -type f -size +20M -exec truncate -s 0 {} \\; && sudo apt-get autoremove -y","success":true,"output":"Reading package lists...\nBuilding dependency tree...\nReading state information...\n0 upgraded, 0 newly installed, 0 to remove and 0 not upgraded."}]}
[2026-04-25T19:47:59.461Z] orchestrator: {"status":"degraded","durationMs":23002,"module":"autonomous","alerts":["app_watcher"]}
[2026-04-25T19:52:43.298Z] queue: {"total":1,"completed":1,"failed":0,"results":[{"command":"sudo find /var/log -type f -size +20M -exec truncate -s 0 {} \\; && sudo apt-get autoremove -y","success":true,"output":"Reading package lists...\nBuilding dependency tree...\nReading state information...\n0 upgraded, 0 newly installed, 0 to remove and 0 not upgraded."}]}
[2026-04-25T19:53:03.413Z] orchestrator: {"status":"degraded","durationMs":22985,"module":"autonomous","alerts":["app_watcher"]}
[2026-04-25T19:57:44.261Z] queue: {"total":1,"completed":1,"failed":0,"results":[{"command":"sudo find /var/log -type f -size +20M -exec truncate -s 0 {} \\; && sudo apt-get autoremove -y","success":true,"output":"Reading package lists...\nBuilding dependency tree...\nReading state information...\n0 upgraded, 0 newly installed, 0 to remove and 0 not upgraded."}]}
[2026-04-25T19:58:04.374Z] orchestrator: {"status":"degraded","durationMs":22031,"module":"autonomous","alerts":["app_watcher"]}
[2026-04-25T20:02:48.464Z] queue: {"total":1,"completed":1,"failed":0,"results":[{"command":"sudo find /var/log -type f -size +20M -exec truncate -s 0 {} \\; && sudo apt-get autoremove -y","success":true,"output":"Reading package lists...\nBuilding dependency tree...\nReading state information...\n0 upgraded, 0 newly installed, 0 to remove and 0 not upgraded."}]}
[2026-04-25T20:03:08.602Z] orchestrator: {"status":"degraded","durationMs":23227,"module":"autonomous","alerts":["app_watcher"]}
[2026-04-25T20:07:48.186Z] queue: {"total":1,"completed":1,"failed":0,"results":[{"command":"sudo find /var/log -type f -size +20M -exec truncate -s 0 {} \\; && sudo apt-get autoremove -y","success":true,"output":"Reading package lists...\nBuilding dependency tree...\nReading state information...\n0 upgraded, 0 newly installed, 0 to remove and 0 not upgraded."}]}
[2026-04-25T20:08:08.296Z] orchestrator: {"status":"degraded","durationMs":21884,"module":"autonomous","alerts":["app_watcher"]}
[2026-04-25T20:12:53.475Z] queue: {"total":1,"completed":1,"failed":0,"results":[{"command":"sudo find /var/log -type f -size +20M -exec truncate -s 0 {} \\; && sudo apt-get autoremove -y","success":true,"output":"Reading package lists...\nBuilding dependency tree...\nReading state information...\n0 upgraded, 0 newly installed, 0 to remove and 0 not upgraded."}]}
[2026-04-25T20:13:13.703Z] orchestrator: {"status":"degraded","durationMs":23166,"module":"autonomous","alerts":["app_watcher"]}
[2026-04-25T20:17:55.218Z] queue: {"total":1,"completed":1,"failed":0,"results":[{"command":"sudo find /var/log -type f -size +20M -exec truncate -s 0 {} \\; && sudo apt-get autoremove -y","success":true,"output":"Reading package lists...\nBuilding dependency tree...\nReading state information...\n0 upgraded, 0 newly installed, 0 to remove and 0 not upgraded."}]}
[2026-04-25T20:18:15.360Z] orchestrator: {"status":"degraded","durationMs":23030,"module":"autonomous","alerts":["app_watcher"]}
[2026-04-25T20:22:58.598Z] queue: {"total":1,"completed":1,"failed":0,"results":[{"command":"sudo find /var/log -type f -size +20M -exec truncate -s 0 {} \\; && sudo apt-get autoremove -y","success":true,"output":"Reading package lists...\nBuilding dependency tree...\nReading state information...\n0 upgraded, 0 newly installed, 0 to remove and 0 not upgraded."}]}
[2026-04-25T20:23:18.829Z] orchestrator: {"status":"degraded","durationMs":23373,"module":"autonomous","alerts":["app_watcher"]}
[2026-04-25T20:27:58.251Z] queue: {"total":1,"completed":1,"failed":0,"results":[{"command":"sudo find /var/log -type f -size +20M -exec truncate -s 0 {} \\; && sudo apt-get autoremove -y","success":true,"output":"Reading package lists...\nBuilding dependency tree...\nReading state information...\n0 upgraded, 0 newly installed, 0 to remove and 0 not upgraded."}]}
[2026-04-25T20:28:18.385Z] orchestrator: {"status":"degraded","durationMs":22046,"module":"autonomous","alerts":["app_watcher"]}
[2026-04-25T20:33:03.329Z] queue: {"total":1,"completed":1,"failed":0,"results":[{"command":"sudo find /var/log -type f -size +20M -exec truncate -s 0 {} \\; && sudo apt-get autoremove -y","success":true,"output":"Reading package lists...\nBuilding dependency tree...\nReading state information...\n0 upgraded, 0 newly installed, 0 to remove and 0 not upgraded."}]}
[2026-04-25T20:33:23.450Z] orchestrator: {"status":"degraded","durationMs":23032,"module":"autonomous","alerts":["app_watcher"]}
[2026-04-25T20:38:05.736Z] queue: {"total":1,"completed":1,"failed":0,"results":[{"command":"sudo find /var/log -type f -size +20M -exec truncate -s 0 {} \\; && sudo apt-get autoremove -y","success":true,"output":"Reading package lists...\nBuilding dependency tree...\nReading state information...\n0 upgraded, 0 newly installed, 0 to remove and 0 not upgraded."}]}
[2026-04-25T20:38:25.975Z] orchestrator: {"status":"degraded","durationMs":23436,"module":"autonomous","alerts":["app_watcher"]}
[2026-04-25T20:43:07.095Z] queue: {"total":1,"completed":1,"failed":0,"results":[{"command":"sudo find /var/log -type f -size +20M -exec truncate -s 0 {} \\; && sudo apt-get autoremove -y","success":true,"output":"Reading package lists...\nBuilding dependency tree...\nReading state information...\n0 upgraded, 0 newly installed, 0 to remove and 0 not upgraded."}]}
[2026-04-25T20:43:27.320Z] orchestrator: {"status":"degraded","durationMs":21888,"module":"autonomous","alerts":["app_watcher"]}
[2026-04-25T20:48:07.926Z] queue: {"total":1,"completed":1,"failed":0,"results":[{"command":"sudo find /var/log -type f -size +20M -exec truncate -s 0 {} \\; && sudo apt-get autoremove -y","success":true,"output":"Reading package lists...\nBuilding dependency tree...\nReading state information...\n0 upgraded, 0 newly installed, 0 to remove and 0 not upgraded."}]}
[2026-04-25T20:48:28.037Z] orchestrator: {"status":"degraded","durationMs":21696,"module":"autonomous","alerts":["app_watcher"]}
[2026-04-25T20:53:13.284Z] queue: {"total":1,"completed":1,"failed":0,"results":[{"command":"sudo find /var/log -type f -size +20M -exec truncate -s 0 {} \\; && sudo apt-get autoremove -y","success":true,"output":"Reading package lists...\nBuilding dependency tree...\nReading state information...\n0 upgraded, 0 newly installed, 0 to remove and 0 not upgraded."}]}
[2026-04-25T20:53:33.417Z] orchestrator: {"status":"degraded","durationMs":23084,"module":"autonomous","alerts":["app_watcher"]}
[2026-04-25T20:58:15.362Z] queue: {"total":1,"completed":1,"failed":0,"results":[{"command":"sudo find /var/log -type f -size +20M -exec truncate -s 0 {} \\; && sudo apt-get autoremove -y","success":true,"output":"Reading package lists...\nBuilding dependency tree...\nReading state information...\n0 upgraded, 0 newly installed, 0 to remove and 0 not upgraded."}]}
[2026-04-25T20:58:35.498Z] orchestrator: {"status":"degraded","durationMs":23061,"module":"autonomous","alerts":["app_watcher"]}
[2026-04-25T21:03:18.382Z] queue: {"total":1,"completed":1,"failed":0,"results":[{"command":"sudo find /var/log -type f -size +20M -exec truncate -s 0 {} \\; && sudo apt-get autoremove -y","success":true,"output":"Reading package lists...\nBuilding dependency tree...\nReading state information...\n0 upgraded, 0 newly installed, 0 to remove and 0 not upgraded."}]}
[2026-04-25T21:03:38.509Z] orchestrator: {"status":"degraded","durationMs":23075,"module":"autonomous","alerts":["app_watcher"]}
[2026-04-25T21:08:18.296Z] queue: {"total":1,"completed":1,"failed":0,"results":[{"command":"sudo find /var/log -type f -size +20M -exec truncate -s 0 {} \\; && sudo apt-get autoremove -y","success":true,"output":"Reading package lists...\nBuilding dependency tree...\nReading state information...\n0 upgraded, 0 newly installed, 0 to remove and 0 not upgraded."}]}
[2026-04-25T21:08:38.438Z] orchestrator: {"status":"degraded","durationMs":22093,"module":"autonomous","alerts":["app_watcher"]}
[2026-04-25T21:13:23.052Z] queue: {"total":1,"completed":1,"failed":0,"results":[{"command":"sudo find /var/log -type f -size +20M -exec truncate -s 0 {} \\; && sudo apt-get autoremove -y","success":true,"output":"Reading package lists...\nBuilding dependency tree...\nReading state information...\n0 upgraded, 0 newly installed, 0 to remove and 0 not upgraded."}]}
[2026-04-25T21:13:43.228Z] orchestrator: {"status":"degraded","durationMs":22816,"module":"autonomous","alerts":["app_watcher"]}
[2026-04-25T21:18:25.485Z] queue: {"total":1,"completed":1,"failed":0,"results":[{"command":"sudo find /var/log -type f -size +20M -exec truncate -s 0 {} \\; && sudo apt-get autoremove -y","success":true,"output":"Reading package lists...\nBuilding dependency tree...\nReading state information...\n0 upgraded, 0 newly installed, 0 to remove and 0 not upgraded."}]}
[2026-04-25T21:18:45.610Z] orchestrator: {"status":"degraded","durationMs":23223,"module":"autonomous","alerts":["app_watcher"]}
[2026-04-25T21:23:27.109Z] queue: {"total":1,"completed":1,"failed":0,"results":[{"command":"sudo find /var/log -type f -size +20M -exec truncate -s 0 {} \\; && sudo apt-get autoremove -y","success":true,"output":"Reading package lists...\nBuilding dependency tree...\nReading state information...\n0 upgraded, 0 newly installed, 0 to remove and 0 not upgraded."}]}
[2026-04-25T21:23:47.337Z] orchestrator: {"status":"degraded","durationMs":21913,"module":"autonomous","alerts":["app_watcher"]}
[2026-04-25T21:28:28.271Z] queue: {"total":1,"completed":1,"failed":0,"results":[{"command":"sudo find /var/log -type f -size +20M -exec truncate -s 0 {} \\; && sudo apt-get autoremove -y","success":true,"output":"Reading package lists...\nBuilding dependency tree...\nReading state information...\n0 upgraded, 0 newly installed, 0 to remove and 0 not upgraded."}]}
[2026-04-25T21:28:48.430Z] orchestrator: {"status":"degraded","durationMs":21913,"module":"autonomous","alerts":["app_watcher"]}
[2026-04-25T21:33:32.144Z] queue: {"total":1,"completed":1,"failed":0,"results":[{"command":"sudo find /var/log -type f -size +20M -exec truncate -s 0 {} \\; && sudo apt-get autoremove -y","success":true,"output":"Reading package lists...\nBuilding dependency tree...\nReading state information...\n0 upgraded, 0 newly installed, 0 to remove and 0 not upgraded."}]}
[2026-04-25T21:33:52.276Z] orchestrator: {"status":"degraded","durationMs":21944,"module":"autonomous","alerts":["app_watcher"]}
[2026-04-25T21:38:35.667Z] queue: {"total":1,"completed":1,"failed":0,"results":[{"command":"sudo find /var/log -type f -size +20M -exec truncate -s 0 {} \\; && sudo apt-get autoremove -y","success":true,"output":"Reading package lists...\nBuilding dependency tree...\nReading state information...\n0 upgraded, 0 newly installed, 0 to remove and 0 not upgraded."}]}
[2026-04-25T21:38:55.858Z] orchestrator: {"status":"degraded","durationMs":23327,"module":"autonomous","alerts":["app_watcher"]}
[2026-04-25T21:43:38.470Z] queue: {"total":1,"completed":1,"failed":0,"results":[{"command":"sudo find /var/log -type f -size +20M -exec truncate -s 0 {} \\; && sudo apt-get autoremove -y","success":true,"output":"Reading package lists...\nBuilding dependency tree...\nReading state information...\n0 upgraded, 0 newly installed, 0 to remove and 0 not upgraded."}]}
[2026-04-25T21:43:58.594Z] orchestrator: {"status":"degraded","durationMs":23166,"module":"autonomous","alerts":["app_watcher"]}
[2026-04-25T21:48:39.379Z] queue: {"total":1,"completed":1,"failed":0,"results":[{"command":"sudo find /var/log -type f -size +20M -exec truncate -s 0 {} \\; && sudo apt-get autoremove -y","success":true,"output":"Reading package lists...\nBuilding dependency tree...\nReading state information...\n0 upgraded, 0 newly installed, 0 to remove and 0 not upgraded."}]}
[2026-04-25T21:48:59.479Z] orchestrator: {"status":"degraded","durationMs":23147,"module":"autonomous","alerts":["app_watcher"]}
[2026-04-25T21:53:43.663Z] queue: {"total":1,"completed":1,"failed":0,"results":[{"command":"sudo find /var/log -type f -size +20M -exec truncate -s 0 {} \\; && sudo apt-get autoremove -y","success":true,"output":"Reading package lists...\nBuilding dependency tree...\nReading state information...\n0 upgraded, 0 newly installed, 0 to remove and 0 not upgraded."}]}
[2026-04-25T21:54:03.860Z] orchestrator: {"status":"degraded","durationMs":23426,"module":"autonomous","alerts":["app_watcher"]}
[2026-04-25T21:58:45.313Z] queue: {"total":1,"completed":1,"failed":0,"results":[{"command":"sudo find /var/log -type f -size +20M -exec truncate -s 0 {} \\; && sudo apt-get autoremove -y","success":true,"output":"Reading package lists...\nBuilding dependency tree...\nReading state information...\n0 upgraded, 0 newly installed, 0 to remove and 0 not upgraded."}]}
[2026-04-25T21:59:05.424Z] orchestrator: {"status":"degraded","durationMs":22999,"module":"autonomous","alerts":["app_watcher"]}
[2026-04-25T22:03:48.901Z] queue: {"total":1,"completed":1,"failed":0,"results":[{"command":"sudo find /var/log -type f -size +20M -exec truncate -s 0 {} \\; && sudo apt-get autoremove -y","success":true,"output":"Reading package lists...\nBuilding dependency tree...\nReading state information...\n0 upgraded, 0 newly installed, 0 to remove and 0 not upgraded."}]}
[2026-04-25T22:04:09.012Z] orchestrator: {"status":"degraded","durationMs":23610,"module":"autonomous","alerts":["app_watcher"]}
[2026-04-25T22:08:48.143Z] queue: {"total":1,"completed":1,"failed":0,"results":[{"command":"sudo find /var/log -type f -size +20M -exec truncate -s 0 {} \\; && sudo apt-get autoremove -y","success":true,"output":"Reading package lists...\nBuilding dependency tree...\nReading state information...\n0 upgraded, 0 newly installed, 0 to remove and 0 not upgraded."}]}
[2026-04-25T22:09:08.371Z] orchestrator: {"status":"degraded","durationMs":21851,"module":"autonomous","alerts":["app_watcher"]}
[2026-04-25T22:13:53.502Z] queue: {"total":1,"completed":1,"failed":0,"results":[{"command":"sudo find /var/log -type f -size +20M -exec truncate -s 0 {} \\; && sudo apt-get autoremove -y","success":true,"output":"Reading package lists...\nBuilding dependency tree...\nReading state information...\n0 upgraded, 0 newly installed, 0 to remove and 0 not upgraded."}]}
[2026-04-25T22:14:13.640Z] orchestrator: {"status":"degraded","durationMs":23198,"module":"autonomous","alerts":["app_watcher"]}
[2026-04-25T22:18:53.981Z] queue: {"total":1,"completed":1,"failed":0,"results":[{"command":"sudo find /var/log -type f -size +20M -exec truncate -s 0 {} \\; && sudo apt-get autoremove -y","success":true,"output":"Reading package lists...\nBuilding dependency tree...\nReading state information...\n0 upgraded, 0 newly installed, 0 to remove and 0 not upgraded."}]}
[2026-04-25T22:19:14.101Z] orchestrator: {"status":"degraded","durationMs":21753,"module":"autonomous","alerts":["app_watcher"]}
[2026-04-25T22:23:56.852Z] queue: {"total":1,"completed":1,"failed":0,"results":[{"command":"sudo find /var/log -type f -size +20M -exec truncate -s 0 {} \\; && sudo apt-get autoremove -y","success":true,"output":"Reading package lists...\nBuilding dependency tree...\nReading state information...\n0 upgraded, 0 newly installed, 0 to remove and 0 not upgraded."}]}
[2026-04-25T22:24:17.076Z] orchestrator: {"status":"degraded","durationMs":21657,"module":"autonomous","alerts":["app_watcher"]}
[2026-04-25T22:28:58.234Z] queue: {"total":1,"completed":1,"failed":0,"results":[{"command":"sudo find /var/log -type f -size +20M -exec truncate -s 0 {} \\; && sudo apt-get autoremove -y","success":true,"output":"Reading package lists...\nBuilding dependency tree...\nReading state information...\n0 upgraded, 0 newly installed, 0 to remove and 0 not upgraded."}]}
[2026-04-25T22:29:18.466Z] orchestrator: {"status":"degraded","durationMs":21923,"module":"autonomous","alerts":["app_watcher"]}
[2026-04-25T22:34:03.515Z] queue: {"total":1,"completed":1,"failed":0,"results":[{"command":"sudo find /var/log -type f -size +20M -exec truncate -s 0 {} \\; && sudo apt-get autoremove -y","success":true,"output":"Reading package lists...\nBuilding dependency tree...\nReading state information...\n0 upgraded, 0 newly installed, 0 to remove and 0 not upgraded."}]}
[2026-04-25T22:34:23.755Z] orchestrator: {"status":"degraded","durationMs":23311,"module":"autonomous","alerts":["app_watcher"]}
[2026-04-25T22:39:05.551Z] queue: {"total":1,"completed":1,"failed":0,"results":[{"command":"sudo find /var/log -type f -size +20M -exec truncate -s 0 {} \\; && sudo apt-get autoremove -y","success":true,"output":"Reading package lists...\nBuilding dependency tree...\nReading state information...\n0 upgraded, 0 newly installed, 0 to remove and 0 not upgraded."}]}
[2026-04-25T22:39:25.659Z] orchestrator: {"status":"degraded","durationMs":23227,"module":"autonomous","alerts":["app_watcher"]}
[2026-04-25T22:44:07.114Z] queue: {"total":1,"completed":1,"failed":0,"results":[{"command":"sudo find /var/log -type f -size +20M -exec truncate -s 0 {} \\; && sudo apt-get autoremove -y","success":true,"output":"Reading package lists...\nBuilding dependency tree...\nReading state information...\n0 upgraded, 0 newly installed, 0 to remove and 0 not upgraded."}]}
[2026-04-25T22:44:27.319Z] orchestrator: {"status":"degraded","durationMs":21796,"module":"autonomous","alerts":["app_watcher"]}
[2026-04-25T22:49:09.573Z] queue: {"total":1,"completed":1,"failed":0,"results":[{"command":"sudo find /var/log -type f -size +20M -exec truncate -s 0 {} \\; && sudo apt-get autoremove -y","success":true,"output":"Reading package lists...\nBuilding dependency tree...\nReading state information...\n0 upgraded, 0 newly installed, 0 to remove and 0 not upgraded."}]}
[2026-04-25T22:49:29.691Z] orchestrator: {"status":"degraded","durationMs":23368,"module":"autonomous","alerts":["app_watcher"]}
[2026-04-25T22:54:13.581Z] queue: {"total":1,"completed":1,"failed":0,"results":[{"command":"sudo find /var/log -type f -size +20M -exec truncate -s 0 {} \\; && sudo apt-get autoremove -y","success":true,"output":"Reading package lists...\nBuilding dependency tree...\nReading state information...\n0 upgraded, 0 newly installed, 0 to remove and 0 not upgraded."}]}
[2026-04-25T22:54:33.711Z] orchestrator: {"status":"degraded","durationMs":23268,"module":"autonomous","alerts":["app_watcher"]}
[2026-04-25T22:59:15.399Z] queue: {"total":1,"completed":1,"failed":0,"results":[{"command":"sudo find /var/log -type f -size +20M -exec truncate -s 0 {} \\; && sudo apt-get autoremove -y","success":true,"output":"Reading package lists...\nBuilding dependency tree...\nReading state information...\n0 upgraded, 0 newly installed, 0 to remove and 0 not upgraded."}]}
[2026-04-25T22:59:16.349Z] orchestrator: {"status":"degraded","durationMs":4027,"module":"autonomous","alerts":["app_watcher"]}
[2026-04-25T23:04:18.395Z] queue: {"total":1,"completed":1,"failed":0,"results":[{"command":"sudo find /var/log -type f -size +20M -exec truncate -s 0 {} \\; && sudo apt-get autoremove -y","success":true,"output":"Reading package lists...\nBuilding dependency tree...\nReading state information...\n0 upgraded, 0 newly installed, 0 to remove and 0 not upgraded."}]}
[2026-04-25T23:04:19.293Z] orchestrator: {"status":"degraded","durationMs":3951,"module":"autonomous","alerts":["app_watcher"]}
[2026-04-25T23:09:18.325Z] queue: {"total":1,"completed":1,"failed":0,"results":[{"command":"sudo find /var/log -type f -size +20M -exec truncate -s 0 {} \\; && sudo apt-get autoremove -y","success":true,"output":"Reading package lists...\nBuilding dependency tree...\nReading state information...\n0 upgraded, 0 newly installed, 0 to remove and 0 not upgraded."}]}
[2026-04-25T23:09:18.493Z] orchestrator: {"status":"degraded","durationMs":1971,"module":"autonomous","alerts":["app_watcher"]}
[2026-04-25T23:14:22.050Z] queue: {"total":1,"completed":1,"failed":0,"results":[{"command":"sudo find /var/log -type f -size +20M -exec truncate -s 0 {} \\; && sudo apt-get autoremove -y","success":true,"output":"Reading package lists...\nBuilding dependency tree...\nReading state information...\n0 upgraded, 0 newly installed, 0 to remove and 0 not upgraded."}]}
[2026-04-25T23:14:23.098Z] orchestrator: {"status":"degraded","durationMs":2667,"module":"autonomous","alerts":["app_watcher"]}
[2026-04-25T23:19:23.933Z] queue: {"total":1,"completed":1,"failed":0,"results":[{"command":"sudo find /var/log -type f -size +20M -exec truncate -s 0 {} \\; && sudo apt-get autoremove -y","success":true,"output":"Reading package lists...\nBuilding dependency tree...\nReading state information...\n0 upgraded, 0 newly installed, 0 to remove and 0 not upgraded."}]}
[2026-04-25T23:19:24.821Z] orchestrator: {"status":"degraded","durationMs":2347,"module":"autonomous","alerts":["app_watcher"]}
[2026-04-25T23:24:28.362Z] queue: {"total":1,"completed":1,"failed":0,"results":[{"command":"sudo find /var/log -type f -size +20M -exec truncate -s 0 {} \\; && sudo apt-get autoremove -y","success":true,"output":"Reading package lists...\nBuilding dependency tree...\nReading state information...\n0 upgraded, 0 newly installed, 0 to remove and 0 not upgraded."}]}
[2026-04-25T23:24:29.249Z] orchestrator: {"status":"degraded","durationMs":3815,"module":"autonomous","alerts":["app_watcher"]}
[2026-04-25T23:29:29.705Z] queue: {"total":1,"completed":1,"failed":0,"results":[{"command":"sudo find /var/log -type f -size +20M -exec truncate -s 0 {} \\; && sudo apt-get autoremove -y","success":true,"output":"Reading package lists...\nBuilding dependency tree...\nReading state information...\n0 upgraded, 0 newly installed, 0 to remove and 0 not upgraded."}]}
[2026-04-25T23:29:30.577Z] orchestrator: {"status":"degraded","durationMs":4135,"module":"autonomous","alerts":["app_watcher"]}
[2026-04-25T23:34:33.650Z] queue: {"total":1,"completed":1,"failed":0,"results":[{"command":"sudo find /var/log -type f -size +20M -exec truncate -s 0 {} \\; && sudo apt-get autoremove -y","success":true,"output":"Reading package lists...\nBuilding dependency tree...\nReading state information...\n0 upgraded, 0 newly installed, 0 to remove and 0 not upgraded."}]}
[2026-04-25T23:34:34.638Z] orchestrator: {"status":"degraded","durationMs":4201,"module":"autonomous","alerts":["app_watcher"]}
[2026-04-25T23:39:35.736Z] queue: {"total":1,"completed":1,"failed":0,"results":[{"command":"sudo find /var/log -type f -size +20M -exec truncate -s 0 {} \\; && sudo apt-get autoremove -y","success":true,"output":"Reading package lists...\nBuilding dependency tree...\nReading state information...\n0 upgraded, 0 newly installed, 0 to remove and 0 not upgraded."}]}
[2026-04-25T23:39:36.753Z] orchestrator: {"status":"degraded","durationMs":4195,"module":"autonomous","alerts":["app_watcher"]}
[2026-04-25T23:44:37.140Z] queue: {"total":1,"completed":1,"failed":0,"results":[{"command":"sudo find /var/log -type f -size +20M -exec truncate -s 0 {} \\; && sudo apt-get autoremove -y","success":true,"output":"Reading package lists...\nBuilding dependency tree...\nReading state information...\n0 upgraded, 0 newly installed, 0 to remove and 0 not upgraded."}]}
[2026-04-25T23:44:38.028Z] orchestrator: {"status":"degraded","durationMs":2687,"module":"autonomous","alerts":["app_watcher"]}
[2026-04-25T23:49:37.970Z] queue: {"total":1,"completed":1,"failed":0,"results":[{"command":"sudo find /var/log -type f -size +20M -exec truncate -s 0 {} \\; && sudo apt-get autoremove -y","success":true,"output":"Reading package lists...\nBuilding dependency tree...\nReading state information...\n0 upgraded, 0 newly installed, 0 to remove and 0 not upgraded."}]}
[2026-04-25T23:49:38.888Z] orchestrator: {"status":"degraded","durationMs":2540,"module":"autonomous","alerts":["app_watcher"]}
[2026-04-25T23:54:43.077Z] queue: {"total":1,"completed":1,"failed":0,"results":[{"command":"sudo find /var/log -type f -size +20M -exec truncate -s 0 {} \\; && sudo apt-get autoremove -y","success":true,"output":"Reading package lists...\nBuilding dependency tree...\nReading state information...\n0 upgraded, 0 newly installed, 0 to remove and 0 not upgraded."}]}
[2026-04-25T23:54:44.000Z] orchestrator: {"status":"degraded","durationMs":3649,"module":"autonomous","alerts":["app_watcher"]}
[2026-04-25T23:59:45.202Z] queue: {"total":1,"completed":1,"failed":0,"results":[{"command":"sudo find /var/log -type f -size +20M -exec truncate -s 0 {} \\; && sudo apt-get autoremove -y","success":true,"output":"Reading package lists...\nBuilding dependency tree...\nReading state information...\n0 upgraded, 0 newly installed, 0 to remove and 0 not upgraded."}]}
[2026-04-25T23:59:46.124Z] orchestrator: {"status":"degraded","durationMs":3778,"module":"autonomous","alerts":["app_watcher"]}
[2026-04-26T00:04:46.837Z] queue: {"total":1,"completed":1,"failed":0,"results":[{"command":"sudo find /var/log -type f -size +20M -exec truncate -s 0 {} \\; && sudo apt-get autoremove -y","success":true,"output":"Reading package lists...\nBuilding dependency tree...\nReading state information...\n0 upgraded, 0 newly installed, 0 to remove and 0 not upgraded."}]}
[2026-04-26T00:04:47.746Z] orchestrator: {"status":"degraded","durationMs":3361,"module":"autonomous","alerts":["app_watcher"]}
[2026-04-26T00:09:48.616Z] queue: {"total":1,"completed":1,"failed":0,"results":[{"command":"sudo find /var/log -type f -size +20M -exec truncate -s 0 {} \\; && sudo apt-get autoremove -y","success":true,"output":"Reading package lists...\nBuilding dependency tree...\nReading state information...\n0 upgraded, 0 newly installed, 0 to remove and 0 not upgraded."}]}
[2026-04-26T00:09:49.548Z] orchestrator: {"status":"degraded","durationMs":3209,"module":"autonomous","alerts":["app_watcher"]}
[2026-04-26T00:14:51.117Z] queue: {"total":1,"completed":1,"failed":0,"results":[{"command":"sudo find /var/log -type f -size +20M -exec truncate -s 0 {} \\; && sudo apt-get autoremove -y","success":true,"output":"Reading package lists...\nBuilding dependency tree...\nReading state information...\n0 upgraded, 0 newly installed, 0 to remove and 0 not upgraded."}]}
[2026-04-26T00:14:52.091Z] orchestrator: {"status":"degraded","durationMs":2680,"module":"autonomous","alerts":["app_watcher"]}
[2026-04-26T00:19:53.957Z] queue: {"total":1,"completed":1,"failed":0,"results":[{"command":"sudo find /var/log -type f -size +20M -exec truncate -s 0 {} \\; && sudo apt-get autoremove -y","success":true,"output":"Reading package lists...\nBuilding dependency tree...\nReading state information...\n0 upgraded, 0 newly installed, 0 to remove and 0 not upgraded."}]}
[2026-04-26T00:19:54.922Z] orchestrator: {"status":"degraded","durationMs":2481,"module":"autonomous","alerts":["app_watcher"]}
[2026-04-26T00:24:56.057Z] queue: {"total":1,"completed":1,"failed":0,"results":[{"command":"sudo find /var/log -type f -size +20M -exec truncate -s 0 {} \\; && sudo apt-get autoremove -y","success":true,"output":"Reading package lists...\nBuilding dependency tree...\nReading state information...\n0 upgraded, 0 newly installed, 0 to remove and 0 not upgraded."}]}
[2026-04-26T00:24:56.951Z] orchestrator: {"status":"degraded","durationMs":2614,"module":"autonomous","alerts":["app_watcher"]}
[2026-04-26T00:29:58.099Z] queue: {"total":1,"completed":1,"failed":0,"results":[{"command":"sudo find /var/log -type f -size +20M -exec truncate -s 0 {} \\; && sudo apt-get autoremove -y","success":true,"output":"Reading package lists...\nBuilding dependency tree...\nReading state information...\n0 upgraded, 0 newly installed, 0 to remove and 0 not upgraded."}]}
[2026-04-26T00:29:59.088Z] orchestrator: {"status":"degraded","durationMs":2543,"module":"autonomous","alerts":["app_watcher"]}
[2026-04-26T00:35:02.979Z] queue: {"total":1,"completed":1,"failed":0,"results":[{"command":"sudo find /var/log -type f -size +20M -exec truncate -s 0 {} \\; && sudo apt-get autoremove -y","success":true,"output":"Reading package lists...\nBuilding dependency tree...\nReading state information...\n0 upgraded, 0 newly installed, 0 to remove and 0 not upgraded."}]}
[2026-04-26T00:35:03.881Z] orchestrator: {"status":"degraded","durationMs":4420,"module":"autonomous","alerts":["app_watcher"]}
[2026-04-26T00:40:04.262Z] queue: {"total":1,"completed":1,"failed":0,"results":[{"command":"sudo find /var/log -type f -size +20M -exec truncate -s 0 {} \\; && sudo apt-get autoremove -y","success":true,"output":"Reading package lists...\nBuilding dependency tree...\nReading state information...\n0 upgraded, 0 newly installed, 0 to remove and 0 not upgraded."}]}
[2026-04-26T00:40:05.186Z] orchestrator: {"status":"degraded","durationMs":2758,"module":"autonomous","alerts":["app_watcher"]}
[2026-04-26T00:45:07.479Z] queue: {"total":1,"completed":1,"failed":0,"results":[{"command":"sudo find /var/log -type f -size +20M -exec truncate -s 0 {} \\; && sudo apt-get autoremove -y","success":true,"output":"Reading package lists...\nBuilding dependency tree...\nReading state information...\n0 upgraded, 0 newly installed, 0 to remove and 0 not upgraded."}]}
[2026-04-26T00:45:08.391Z] orchestrator: {"status":"degraded","durationMs":4063,"module":"autonomous","alerts":["app_watcher"]}
[2026-04-26T00:50:08.977Z] queue: {"total":1,"completed":1,"failed":0,"results":[{"command":"sudo find /var/log -type f -size +20M -exec truncate -s 0 {} \\; && sudo apt-get autoremove -y","success":true,"output":"Reading package lists...\nBuilding dependency tree...\nReading state information...\n0 upgraded, 0 newly installed, 0 to remove and 0 not upgraded."}]}
[2026-04-26T00:50:09.947Z] orchestrator: {"status":"degraded","durationMs":3439,"module":"autonomous","alerts":["app_watcher"]}
[2026-04-26T00:55:12.608Z] queue: {"total":1,"completed":1,"failed":0,"results":[{"command":"sudo find /var/log -type f -size +20M -exec truncate -s 0 {} \\; && sudo apt-get autoremove -y","success":true,"output":"Reading package lists...\nBuilding dependency tree...\nReading state information...\n0 upgraded, 0 newly installed, 0 to remove and 0 not upgraded."}]}
[2026-04-26T00:55:13.483Z] orchestrator: {"status":"degraded","durationMs":4012,"module":"autonomous","alerts":["app_watcher"]}
[2026-04-26T01:00:14.131Z] queue: {"total":1,"completed":1,"failed":0,"results":[{"command":"sudo find /var/log -type f -size +20M -exec truncate -s 0 {} \\; && sudo apt-get autoremove -y","success":true,"output":"Reading package lists...\nBuilding dependency tree...\nReading state information...\n0 upgraded, 0 newly installed, 0 to remove and 0 not upgraded."}]}
[2026-04-26T01:00:15.074Z] orchestrator: {"status":"degraded","durationMs":2649,"module":"autonomous","alerts":["app_watcher"]}
[2026-04-26T01:05:16.348Z] queue: {"total":1,"completed":1,"failed":0,"results":[{"command":"sudo find /var/log -type f -size +20M -exec truncate -s 0 {} \\; && sudo apt-get autoremove -y","success":true,"output":"Reading package lists...\nBuilding dependency tree...\nReading state information...\n0 upgraded, 0 newly installed, 0 to remove and 0 not upgraded."}]}
[2026-04-26T01:05:17.256Z] orchestrator: {"status":"degraded","durationMs":2925,"module":"autonomous","alerts":["app_watcher"]}
[2026-04-26T01:10:19.292Z] queue: {"total":1,"completed":1,"failed":0,"results":[{"command":"sudo find /var/log -type f -size +20M -exec truncate -s 0 {} \\; && sudo apt-get autoremove -y","success":true,"output":"Reading package lists...\nBuilding dependency tree...\nReading state information...\n0 upgraded, 0 newly installed, 0 to remove and 0 not upgraded."}]}
[2026-04-26T01:10:20.262Z] orchestrator: {"status":"degraded","durationMs":3842,"module":"autonomous","alerts":["app_watcher"]}
[2026-04-26T01:15:22.413Z] queue: {"total":1,"completed":1,"failed":0,"results":[{"command":"sudo find /var/log -type f -size +20M -exec truncate -s 0 {} \\; && sudo apt-get autoremove -y","success":true,"output":"Reading package lists...\nBuilding dependency tree...\nReading state information...\n0 upgraded, 0 newly installed, 0 to remove and 0 not upgraded."}]}
[2026-04-26T01:15:23.377Z] orchestrator: {"status":"degraded","durationMs":3852,"module":"autonomous","alerts":["app_watcher"]}
[2026-04-26T01:20:24.590Z] queue: {"total":1,"completed":1,"failed":0,"results":[{"command":"sudo find /var/log -type f -size +20M -exec truncate -s 0 {} \\; && sudo apt-get autoremove -y","success":true,"output":"Reading package lists...\nBuilding dependency tree...\nReading state information...\n0 upgraded, 0 newly installed, 0 to remove and 0 not upgraded."}]}
[2026-04-26T01:20:25.509Z] orchestrator: {"status":"degraded","durationMs":4171,"module":"autonomous","alerts":["app_watcher"]}
[2026-04-26T01:25:27.670Z] queue: {"total":1,"completed":1,"failed":0,"results":[{"command":"sudo find /var/log -type f -size +20M -exec truncate -s 0 {} \\; && sudo apt-get autoremove -y","success":true,"output":"Reading package lists...\nBuilding dependency tree...\nReading state information...\n0 upgraded, 0 newly installed, 0 to remove and 0 not upgraded."}]}
[2026-04-26T01:25:28.699Z] orchestrator: {"status":"degraded","durationMs":4185,"module":"autonomous","alerts":["app_watcher"]}
[2026-04-26T01:30:28.292Z] queue: {"total":1,"completed":1,"failed":0,"results":[{"command":"sudo find /var/log -type f -size +20M -exec truncate -s 0 {} \\; && sudo apt-get autoremove -y","success":true,"output":"Reading package lists...\nBuilding dependency tree...\nReading state information...\n0 upgraded, 0 newly installed, 0 to remove and 0 not upgraded."}]}
[2026-04-26T01:30:28.371Z] orchestrator: {"status":"degraded","durationMs":2025,"module":"autonomous","alerts":["app_watcher"]}
[2026-04-26T01:35:32.564Z] queue: {"total":1,"completed":1,"failed":0,"results":[{"command":"sudo find /var/log -type f -size +20M -exec truncate -s 0 {} \\; && sudo apt-get autoremove -y","success":true,"output":"Reading package lists...\nBuilding dependency tree...\nReading state information...\n0 upgraded, 0 newly installed, 0 to remove and 0 not upgraded."}]}
[2026-04-26T01:35:33.547Z] orchestrator: {"status":"degraded","durationMs":4024,"module":"autonomous","alerts":["app_watcher"]}
[2026-04-26T01:40:34.579Z] queue: {"total":1,"completed":1,"failed":0,"results":[{"command":"sudo find /var/log -type f -size +20M -exec truncate -s 0 {} \\; && sudo apt-get autoremove -y","success":true,"output":"Reading package lists...\nBuilding dependency tree...\nReading state information...\n0 upgraded, 0 newly installed, 0 to remove and 0 not upgraded."}]}
[2026-04-26T01:40:35.465Z] orchestrator: {"status":"degraded","durationMs":4134,"module":"autonomous","alerts":["app_watcher"]}
[2026-04-26T01:45:37.551Z] queue: {"total":1,"completed":1,"failed":0,"results":[{"command":"sudo find /var/log -type f -size +20M -exec truncate -s 0 {} \\; && sudo apt-get autoremove -y","success":true,"output":"Reading package lists...\nBuilding dependency tree...\nReading state information...\n0 upgraded, 0 newly installed, 0 to remove and 0 not upgraded."}]}
[2026-04-26T01:45:38.564Z] orchestrator: {"status":"degraded","durationMs":4136,"module":"autonomous","alerts":["app_watcher"]}
[2026-04-26T01:50:39.863Z] queue: {"total":1,"completed":1,"failed":0,"results":[{"command":"sudo find /var/log -type f -size +20M -exec truncate -s 0 {} \\; && sudo apt-get autoremove -y","success":true,"output":"Reading package lists...\nBuilding dependency tree...\nReading state information...\n0 upgraded, 0 newly installed, 0 to remove and 0 not upgraded."}]}
[2026-04-26T01:50:40.806Z] orchestrator: {"status":"degraded","durationMs":4379,"module":"autonomous","alerts":["app_watcher"]}
[2026-04-26T01:55:42.584Z] queue: {"total":1,"completed":1,"failed":0,"results":[{"command":"sudo find /var/log -type f -size +20M -exec truncate -s 0 {} \\; && sudo apt-get autoremove -y","success":true,"output":"Reading package lists...\nBuilding dependency tree...\nReading state information...\n0 upgraded, 0 newly installed, 0 to remove and 0 not upgraded."}]}
[2026-04-26T01:55:43.476Z] orchestrator: {"status":"degraded","durationMs":4061,"module":"autonomous","alerts":["app_watcher"]}
[2026-04-26T02:00:43.233Z] queue: {"total":1,"completed":1,"failed":0,"results":[{"command":"sudo find /var/log -type f -size +20M -exec truncate -s 0 {} \\; && sudo apt-get autoremove -y","success":true,"output":"Reading package lists...\nBuilding dependency tree...\nReading state information...\n0 upgraded, 0 newly installed, 0 to remove and 0 not upgraded."}]}
[2026-04-26T02:00:43.308Z] orchestrator: {"status":"degraded","durationMs":1874,"module":"autonomous","alerts":["app_watcher"]}
[2026-04-26T02:05:45.937Z] queue: {"total":1,"completed":1,"failed":0,"results":[{"command":"sudo find /var/log -type f -size +20M -exec truncate -s 0 {} \\; && sudo apt-get autoremove -y","success":true,"output":"Reading package lists...\nBuilding dependency tree...\nReading state information...\n0 upgraded, 0 newly installed, 0 to remove and 0 not upgraded."}]}
[2026-04-26T02:05:46.815Z] orchestrator: {"status":"degraded","durationMs":2496,"module":"autonomous","alerts":["app_watcher"]}
[2026-04-26T02:10:47.939Z] queue: {"total":1,"completed":1,"failed":0,"results":[{"command":"sudo find /var/log -type f -size +20M -exec truncate -s 0 {} \\; && sudo apt-get autoremove -y","success":true,"output":"Reading package lists...\nBuilding dependency tree...\nReading state information...\n0 upgraded, 0 newly installed, 0 to remove and 0 not upgraded."}]}
[2026-04-26T02:10:48.890Z] orchestrator: {"status":"degraded","durationMs":2566,"module":"autonomous","alerts":["app_watcher"]}
[2026-04-26T02:15:52.501Z] queue: {"total":1,"completed":1,"failed":0,"results":[{"command":"sudo find /var/log -type f -size +20M -exec truncate -s 0 {} \\; && sudo apt-get autoremove -y","success":true,"output":"Reading package lists...\nBuilding dependency tree...\nReading state information...\n0 upgraded, 0 newly installed, 0 to remove and 0 not upgraded."}]}
[2026-04-26T02:15:53.437Z] orchestrator: {"status":"degraded","durationMs":4103,"module":"autonomous","alerts":["app_watcher"]}
[2026-04-26T02:20:54.327Z] queue: {"total":1,"completed":1,"failed":0,"results":[{"command":"sudo find /var/log -type f -size +20M -exec truncate -s 0 {} \\; && sudo apt-get autoremove -y","success":true,"output":"Reading package lists...\nBuilding dependency tree...\nReading state information...\n0 upgraded, 0 newly installed, 0 to remove and 0 not upgraded."}]}
[2026-04-26T02:20:55.254Z] orchestrator: {"status":"degraded","durationMs":3891,"module":"autonomous","alerts":["app_watcher"]}
[2026-04-26T02:25:54.835Z] queue: {"total":1,"completed":1,"failed":0,"results":[{"command":"sudo find /var/log -type f -size +20M -exec truncate -s 0 {} \\; && sudo apt-get autoremove -y","success":true,"output":"Reading package lists...\nBuilding dependency tree...\nReading state information...\n0 upgraded, 0 newly installed, 0 to remove and 0 not upgraded."}]}
[2026-04-26T02:25:55.031Z] orchestrator: {"status":"degraded","durationMs":1598,"module":"autonomous","alerts":["app_watcher"]}
[2026-04-26T02:30:59.163Z] queue: {"total":1,"completed":1,"failed":0,"results":[{"command":"sudo find /var/log -type f -size +20M -exec truncate -s 0 {} \\; && sudo apt-get autoremove -y","success":true,"output":"Reading package lists...\nBuilding dependency tree...\nReading state information...\n0 upgraded, 0 newly installed, 0 to remove and 0 not upgraded."}]}
[2026-04-26T02:31:00.105Z] orchestrator: {"status":"degraded","durationMs":3629,"module":"autonomous","alerts":["app_watcher"]}
[2026-04-26T02:36:00.845Z] queue: {"total":1,"completed":1,"failed":0,"results":[{"command":"sudo find /var/log -type f -size +20M -exec truncate -s 0 {} \\; && sudo apt-get autoremove -y","success":true,"output":"Reading package lists...\nBuilding dependency tree...\nReading state information...\n0 upgraded, 0 newly installed, 0 to remove and 0 not upgraded."}]}
[2026-04-26T02:36:01.781Z] orchestrator: {"status":"degraded","durationMs":3448,"module":"autonomous","alerts":["app_watcher"]}
[2026-04-26T02:41:02.256Z] queue: {"total":1,"completed":1,"failed":0,"results":[{"command":"sudo find /var/log -type f -size +20M -exec truncate -s 0 {} \\; && sudo apt-get autoremove -y","success":true,"output":"Reading package lists...\nBuilding dependency tree...\nReading state information...\n0 upgraded, 0 newly installed, 0 to remove and 0 not upgraded."}]}
[2026-04-26T02:41:03.271Z] orchestrator: {"status":"degraded","durationMs":2756,"module":"autonomous","alerts":["app_watcher"]}
[2026-04-26T02:46:04.839Z] queue: {"total":1,"completed":1,"failed":0,"results":[{"command":"sudo find /var/log -type f -size +20M -exec truncate -s 0 {} \\; && sudo apt-get autoremove -y","success":true,"output":"Reading package lists...\nBuilding dependency tree...\nReading state information...\n0 upgraded, 0 newly installed, 0 to remove and 0 not upgraded."}]}
[2026-04-26T02:46:05.746Z] orchestrator: {"status":"degraded","durationMs":2409,"module":"autonomous","alerts":["app_watcher"]}
[2026-04-26T02:51:08.615Z] queue: {"total":1,"completed":1,"failed":0,"results":[{"command":"sudo find /var/log -type f -size +20M -exec truncate -s 0 {} \\; && sudo apt-get autoremove -y","success":true,"output":"Reading package lists...\nBuilding dependency tree...\nReading state information...\n0 upgraded, 0 newly installed, 0 to remove and 0 not upgraded."}]}
[2026-04-26T02:51:09.573Z] orchestrator: {"status":"degraded","durationMs":4126,"module":"autonomous","alerts":["app_watcher"]}
[2026-04-26T02:56:07.901Z] queue: {"total":1,"completed":1,"failed":0,"results":[{"command":"sudo find /var/log -type f -size +20M -exec truncate -s 0 {} \\; && sudo apt-get autoremove -y","success":true,"output":"Reading package lists...\nBuilding dependency tree...\nReading state information...\n0 upgraded, 0 newly installed, 0 to remove and 0 not upgraded."}]}
[2026-04-26T02:56:07.983Z] orchestrator: {"status":"degraded","durationMs":1652,"module":"autonomous","alerts":["app_watcher"]}
[2026-04-26T03:01:13.437Z] queue: {"total":1,"completed":1,"failed":0,"results":[{"command":"sudo find /var/log -type f -size +20M -exec truncate -s 0 {} \\; && sudo apt-get autoremove -y","success":true,"output":"Reading package lists...\nBuilding dependency tree...\nReading state information...\n0 upgraded, 0 newly installed, 0 to remove and 0 not upgraded."}]}
[2026-04-26T03:01:14.360Z] orchestrator: {"status":"degraded","durationMs":4027,"module":"autonomous","alerts":["app_watcher"]}
[2026-04-26T03:06:15.757Z] queue: {"total":1,"completed":1,"failed":0,"results":[{"command":"sudo find /var/log -type f -size +20M -exec truncate -s 0 {} \\; && sudo apt-get autoremove -y","success":true,"output":"Reading package lists...\nBuilding dependency tree...\nReading state information...\n0 upgraded, 0 newly installed, 0 to remove and 0 not upgraded."}]}
[2026-04-26T03:06:16.712Z] orchestrator: {"status":"degraded","durationMs":4229,"module":"autonomous","alerts":["app_watcher"]}
[2026-04-26T03:11:18.498Z] queue: {"total":1,"completed":1,"failed":0,"results":[{"command":"sudo find /var/log -type f -size +20M -exec truncate -s 0 {} \\; && sudo apt-get autoremove -y","success":true,"output":"Reading package lists...\nBuilding dependency tree...\nReading state information...\n0 upgraded, 0 newly installed, 0 to remove and 0 not upgraded."}]}
[2026-04-26T03:11:19.385Z] orchestrator: {"status":"degraded","durationMs":4021,"module":"autonomous","alerts":["app_watcher"]}
[2026-04-26T03:16:19.424Z] queue: {"total":1,"completed":1,"failed":0,"results":[{"command":"sudo find /var/log -type f -size +20M -exec truncate -s 0 {} \\; && sudo apt-get autoremove -y","success":true,"output":"Reading package lists...\nBuilding dependency tree...\nReading state information...\n0 upgraded, 0 newly installed, 0 to remove and 0 not upgraded."}]}
[2026-04-26T03:16:20.482Z] orchestrator: {"status":"degraded","durationMs":3961,"module":"autonomous","alerts":["app_watcher"]}
[2026-04-26T03:21:22.461Z] queue: {"total":1,"completed":1,"failed":0,"results":[{"command":"sudo find /var/log -type f -size +20M -exec truncate -s 0 {} \\; && sudo apt-get autoremove -y","success":true,"output":"Reading package lists...\nBuilding dependency tree...\nReading state information...\n0 upgraded, 0 newly installed, 0 to remove and 0 not upgraded."}]}
[2026-04-26T03:21:23.368Z] orchestrator: {"status":"degraded","durationMs":2945,"module":"autonomous","alerts":["app_watcher"]}
[2026-04-26T03:26:24.134Z] queue: {"total":1,"completed":1,"failed":0,"results":[{"command":"sudo find /var/log -type f -size +20M -exec truncate -s 0 {} \\; && sudo apt-get autoremove -y","success":true,"output":"Reading package lists...\nBuilding dependency tree...\nReading state information...\n0 upgraded, 0 newly installed, 0 to remove and 0 not upgraded."}]}
[2026-04-26T03:26:25.096Z] orchestrator: {"status":"degraded","durationMs":2753,"module":"autonomous","alerts":["app_watcher"]}
[2026-04-26T03:31:28.376Z] queue: {"total":1,"completed":1,"failed":0,"results":[{"command":"sudo find /var/log -type f -size +20M -exec truncate -s 0 {} \\; && sudo apt-get autoremove -y","success":true,"output":"Reading package lists...\nBuilding dependency tree...\nReading state information...\n0 upgraded, 0 newly installed, 0 to remove and 0 not upgraded."}]}
[2026-04-26T03:31:29.265Z] orchestrator: {"status":"degraded","durationMs":3917,"module":"autonomous","alerts":["app_watcher"]}
[2026-04-26T03:36:28.113Z] queue: {"total":1,"completed":1,"failed":0,"results":[{"command":"sudo find /var/log -type f -size +20M -exec truncate -s 0 {} \\; && sudo apt-get autoremove -y","success":true,"output":"Reading package lists...\nBuilding dependency tree...\nReading state information...\n0 upgraded, 0 newly installed, 0 to remove and 0 not upgraded."}]}
[2026-04-26T03:36:28.201Z] orchestrator: {"status":"degraded","durationMs":1772,"module":"autonomous","alerts":["app_watcher"]}
[2026-04-26T03:41:32.313Z] queue: {"total":1,"completed":1,"failed":0,"results":[{"command":"sudo find /var/log -type f -size +20M -exec truncate -s 0 {} \\; && sudo apt-get autoremove -y","success":true,"output":"Reading package lists...\nBuilding dependency tree...\nReading state information...\n0 upgraded, 0 newly installed, 0 to remove and 0 not upgraded."}]}
[2026-04-26T03:41:33.248Z] orchestrator: {"status":"degraded","durationMs":2835,"module":"autonomous","alerts":["app_watcher"]}
[2026-04-26T03:46:35.714Z] queue: {"total":1,"completed":1,"failed":0,"results":[{"command":"sudo find /var/log -type f -size +20M -exec truncate -s 0 {} \\; && sudo apt-get autoremove -y","success":true,"output":"Reading package lists...\nBuilding dependency tree...\nReading state information...\n0 upgraded, 0 newly installed, 0 to remove and 0 not upgraded."}]}
[2026-04-26T03:46:36.730Z] orchestrator: {"status":"degraded","durationMs":4330,"module":"autonomous","alerts":["app_watcher"]}
[2026-04-26T03:51:38.673Z] queue: {"total":1,"completed":1,"failed":0,"results":[{"command":"sudo find /var/log -type f -size +20M -exec truncate -s 0 {} \\; && sudo apt-get autoremove -y","success":true,"output":"Reading package lists...\nBuilding dependency tree...\nReading state information...\n0 upgraded, 0 newly installed, 0 to remove and 0 not upgraded."}]}
[2026-04-26T03:51:39.676Z] orchestrator: {"status":"degraded","durationMs":4206,"module":"autonomous","alerts":["app_watcher"]}
[2026-04-26T03:56:39.437Z] queue: {"total":1,"completed":1,"failed":0,"results":[{"command":"sudo find /var/log -type f -size +20M -exec truncate -s 0 {} \\; && sudo apt-get autoremove -y","success":true,"output":"Reading package lists...\nBuilding dependency tree...\nReading state information...\n0 upgraded, 0 newly installed, 0 to remove and 0 not upgraded."}]}
[2026-04-26T03:56:39.516Z] orchestrator: {"status":"degraded","durationMs":3113,"module":"autonomous","alerts":["app_watcher"]}
[2026-04-26T04:01:43.238Z] queue: {"total":1,"completed":1,"failed":0,"results":[{"command":"sudo find /var/log -type f -size +20M -exec truncate -s 0 {} \\; && sudo apt-get autoremove -y","success":true,"output":"Reading package lists...\nBuilding dependency tree...\nReading state information...\n0 upgraded, 0 newly installed, 0 to remove and 0 not upgraded."}]}
[2026-04-26T04:01:44.299Z] orchestrator: {"status":"degraded","durationMs":3863,"module":"autonomous","alerts":["app_watcher"]}
[2026-04-26T04:06:45.511Z] queue: {"total":1,"completed":1,"failed":0,"results":[{"command":"sudo find /var/log -type f -size +20M -exec truncate -s 0 {} \\; && sudo apt-get autoremove -y","success":true,"output":"Reading package lists...\nBuilding dependency tree...\nReading state information...\n0 upgraded, 0 newly installed, 0 to remove and 0 not upgraded."}]}
[2026-04-26T04:06:46.464Z] orchestrator: {"status":"degraded","durationMs":4124,"module":"autonomous","alerts":["app_watcher"]}
[2026-04-26T04:11:47.247Z] queue: {"total":1,"completed":1,"failed":0,"results":[{"command":"sudo find /var/log -type f -size +20M -exec truncate -s 0 {} \\; && sudo apt-get autoremove -y","success":true,"output":"Reading package lists...\nBuilding dependency tree...\nReading state information...\n0 upgraded, 0 newly installed, 0 to remove and 0 not upgraded."}]}
[2026-04-26T04:11:48.313Z] orchestrator: {"status":"degraded","durationMs":2857,"module":"autonomous","alerts":["app_watcher"]}
[2026-04-26T04:16:49.533Z] queue: {"total":1,"completed":1,"failed":0,"results":[{"command":"sudo find /var/log -type f -size +20M -exec truncate -s 0 {} \\; && sudo apt-get autoremove -y","success":true,"output":"Reading package lists...\nBuilding dependency tree...\nReading state information...\n0 upgraded, 0 newly installed, 0 to remove and 0 not upgraded."}]}
[2026-04-26T04:16:50.478Z] orchestrator: {"status":"degraded","durationMs":4020,"module":"autonomous","alerts":["app_watcher"]}
[2026-04-26T04:21:53.256Z] queue: {"total":1,"completed":1,"failed":0,"results":[{"command":"sudo find /var/log -type f -size +20M -exec truncate -s 0 {} \\; && sudo apt-get autoremove -y","success":true,"output":"Reading package lists...\nBuilding dependency tree...\nReading state information...\n0 upgraded, 0 newly installed, 0 to remove and 0 not upgraded."}]}
[2026-04-26T04:21:54.193Z] orchestrator: {"status":"degraded","durationMs":3851,"module":"autonomous","alerts":["app_watcher"]}
[2026-04-26T04:26:54.311Z] queue: {"total":1,"completed":1,"failed":0,"results":[{"command":"sudo find /var/log -type f -size +20M -exec truncate -s 0 {} \\; && sudo apt-get autoremove -y","success":true,"output":"Reading package lists...\nBuilding dependency tree...\nReading state information...\n0 upgraded, 0 newly installed, 0 to remove and 0 not upgraded."}]}
[2026-04-26T04:26:55.281Z] orchestrator: {"status":"degraded","durationMs":2932,"module":"autonomous","alerts":["app_watcher"]}
[2026-04-26T04:31:57.882Z] queue: {"total":1,"completed":1,"failed":0,"results":[{"command":"sudo find /var/log -type f -size +20M -exec truncate -s 0 {} \\; && sudo apt-get autoremove -y","success":true,"output":"Reading package lists...\nBuilding dependency tree...\nReading state information...\n0 upgraded, 0 newly installed, 0 to remove and 0 not upgraded."}]}
[2026-04-26T04:31:58.998Z] orchestrator: {"status":"degraded","durationMs":3567,"module":"autonomous","alerts":["app_watcher"]}
[2026-04-26T04:36:58.944Z] queue: {"total":1,"completed":1,"failed":0,"results":[{"command":"sudo find /var/log -type f -size +20M -exec truncate -s 0 {} \\; && sudo apt-get autoremove -y","success":true,"output":"Reading package lists...\nBuilding dependency tree...\nReading state information...\n0 upgraded, 0 newly installed, 0 to remove and 0 not upgraded."}]}
[2026-04-26T04:36:59.867Z] orchestrator: {"status":"degraded","durationMs":3471,"module":"autonomous","alerts":["app_watcher"]}
[2026-04-26T04:42:03.610Z] queue: {"total":1,"completed":1,"failed":0,"results":[{"command":"sudo find /var/log -type f -size +20M -exec truncate -s 0 {} \\; && sudo apt-get autoremove -y","success":true,"output":"Reading package lists...\nBuilding dependency tree...\nReading state information...\n0 upgraded, 0 newly installed, 0 to remove and 0 not upgraded."}]}
[2026-04-26T04:42:04.613Z] orchestrator: {"status":"degraded","durationMs":4173,"module":"autonomous","alerts":["app_watcher"]}
[2026-04-26T04:47:04.151Z] queue: {"total":1,"completed":1,"failed":0,"results":[{"command":"sudo find /var/log -type f -size +20M -exec truncate -s 0 {} \\; && sudo apt-get autoremove -y","success":true,"output":"Reading package lists...\nBuilding dependency tree...\nReading state information...\n0 upgraded, 0 newly installed, 0 to remove and 0 not upgraded."}]}
[2026-04-26T04:47:04.217Z] orchestrator: {"status":"degraded","durationMs":1849,"module":"autonomous","alerts":["app_watcher"]}
[2026-04-26T04:52:07.058Z] queue: {"total":1,"completed":1,"failed":0,"results":[{"command":"sudo find /var/log -type f -size +20M -exec truncate -s 0 {} \\; && sudo apt-get autoremove -y","success":true,"output":"Reading package lists...\nBuilding dependency tree...\nReading state information...\n0 upgraded, 0 newly installed, 0 to remove and 0 not upgraded."}]}
[2026-04-26T04:52:08.142Z] orchestrator: {"status":"degraded","durationMs":2807,"module":"autonomous","alerts":["app_watcher"]}
[2026-04-26T04:57:08.059Z] queue: {"total":1,"completed":1,"failed":0,"results":[{"command":"sudo find /var/log -type f -size +20M -exec truncate -s 0 {} \\; && sudo apt-get autoremove -y","success":true,"output":"Reading package lists...\nBuilding dependency tree...\nReading state information...\n0 upgraded, 0 newly installed, 0 to remove and 0 not upgraded."}]}
[2026-04-26T04:57:08.147Z] orchestrator: {"status":"degraded","durationMs":1806,"module":"autonomous","alerts":["app_watcher"]}
[2026-04-26T05:02:12.092Z] queue: {"total":1,"completed":1,"failed":0,"results":[{"command":"sudo find /var/log -type f -size +20M -exec truncate -s 0 {} \\; && sudo apt-get autoremove -y","success":true,"output":"Reading package lists...\nBuilding dependency tree...\nReading state information...\n0 upgraded, 0 newly installed, 0 to remove and 0 not upgraded."}]}
[2026-04-26T05:02:12.974Z] orchestrator: {"status":"degraded","durationMs":2522,"module":"autonomous","alerts":["app_watcher"]}
[2026-04-26T05:07:15.426Z] queue: {"total":1,"completed":1,"failed":0,"results":[{"command":"sudo find /var/log -type f -size +20M -exec truncate -s 0 {} \\; && sudo apt-get autoremove -y","success":true,"output":"Reading package lists...\nBuilding dependency tree...\nReading state information...\n0 upgraded, 0 newly installed, 0 to remove and 0 not upgraded."}]}
[2026-04-26T05:07:16.447Z] orchestrator: {"status":"degraded","durationMs":4007,"module":"autonomous","alerts":["app_watcher"]}
[2026-04-26T05:12:17.348Z] queue: {"total":1,"completed":1,"failed":0,"results":[{"command":"sudo find /var/log -type f -size +20M -exec truncate -s 0 {} \\; && sudo apt-get autoremove -y","success":true,"output":"Reading package lists...\nBuilding dependency tree...\nReading state information...\n0 upgraded, 0 newly installed, 0 to remove and 0 not upgraded."}]}
[2026-04-26T05:12:18.259Z] orchestrator: {"status":"degraded","durationMs":2821,"module":"autonomous","alerts":["app_watcher"]}
[2026-04-26T05:17:18.093Z] queue: {"total":1,"completed":1,"failed":0,"results":[{"command":"sudo find /var/log -type f -size +20M -exec truncate -s 0 {} \\; && sudo apt-get autoremove -y","success":true,"output":"Reading package lists...\nBuilding dependency tree...\nReading state information...\n0 upgraded, 0 newly installed, 0 to remove and 0 not upgraded."}]}
[2026-04-26T05:17:18.175Z] orchestrator: {"status":"degraded","durationMs":1749,"module":"autonomous","alerts":["app_watcher"]}
[2026-04-26T05:22:21.947Z] queue: {"total":1,"completed":1,"failed":0,"results":[{"command":"sudo find /var/log -type f -size +20M -exec truncate -s 0 {} \\; && sudo apt-get autoremove -y","success":true,"output":"Reading package lists...\nBuilding dependency tree...\nReading state information...\n0 upgraded, 0 newly installed, 0 to remove and 0 not upgraded."}]}
[2026-04-26T05:22:22.937Z] orchestrator: {"status":"degraded","durationMs":2490,"module":"autonomous","alerts":["app_watcher"]}
[2026-04-26T05:27:24.251Z] queue: {"total":1,"completed":1,"failed":0,"results":[{"command":"sudo find /var/log -type f -size +20M -exec truncate -s 0 {} \\; && sudo apt-get autoremove -y","success":true,"output":"Reading package lists...\nBuilding dependency tree...\nReading state information...\n0 upgraded, 0 newly installed, 0 to remove and 0 not upgraded."}]}
[2026-04-26T05:27:25.271Z] orchestrator: {"status":"degraded","durationMs":2832,"module":"autonomous","alerts":["app_watcher"]}
[2026-04-26T05:32:27.196Z] queue: {"total":1,"completed":1,"failed":0,"results":[{"command":"sudo find /var/log -type f -size +20M -exec truncate -s 0 {} \\; && sudo apt-get autoremove -y","success":true,"output":"Reading package lists...\nBuilding dependency tree...\nReading state information...\n0 upgraded, 0 newly installed, 0 to remove and 0 not upgraded."}]}
[2026-04-26T05:32:28.124Z] orchestrator: {"status":"degraded","durationMs":2727,"module":"autonomous","alerts":["app_watcher"]}
[2026-04-26T05:37:29.590Z] queue: {"total":1,"completed":1,"failed":0,"results":[{"command":"sudo find /var/log -type f -size +20M -exec truncate -s 0 {} \\; && sudo apt-get autoremove -y","success":true,"output":"Reading package lists...\nBuilding dependency tree...\nReading state information...\n0 upgraded, 0 newly installed, 0 to remove and 0 not upgraded."}]}
[2026-04-26T05:37:30.534Z] orchestrator: {"status":"degraded","durationMs":4111,"module":"autonomous","alerts":["app_watcher"]}
[2026-04-26T05:42:33.760Z] queue: {"total":1,"completed":1,"failed":0,"results":[{"command":"sudo find /var/log -type f -size +20M -exec truncate -s 0 {} \\; && sudo apt-get autoremove -y","success":true,"output":"Reading package lists...\nBuilding dependency tree...\nReading state information...\n0 upgraded, 0 newly installed, 0 to remove and 0 not upgraded."}]}
[2026-04-26T05:42:34.662Z] orchestrator: {"status":"degraded","durationMs":4207,"module":"autonomous","alerts":["app_watcher"]}
[2026-04-26T05:47:34.174Z] queue: {"total":1,"completed":1,"failed":0,"results":[{"command":"sudo find /var/log -type f -size +20M -exec truncate -s 0 {} \\; && sudo apt-get autoremove -y","success":true,"output":"Reading package lists...\nBuilding dependency tree...\nReading state information...\n0 upgraded, 0 newly installed, 0 to remove and 0 not upgraded."}]}
[2026-04-26T05:47:34.251Z] orchestrator: {"status":"degraded","durationMs":1915,"module":"autonomous","alerts":["app_watcher"]}
[2026-04-26T05:52:37.282Z] queue: {"total":1,"completed":1,"failed":0,"results":[{"command":"sudo find /var/log -type f -size +20M -exec truncate -s 0 {} \\; && sudo apt-get autoremove -y","success":true,"output":"Reading package lists...\nBuilding dependency tree...\nReading state information...\n0 upgraded, 0 newly installed, 0 to remove and 0 not upgraded."}]}
[2026-04-26T05:52:38.234Z] orchestrator: {"status":"degraded","durationMs":2757,"module":"autonomous","alerts":["app_watcher"]}
[2026-04-26T05:57:39.694Z] queue: {"total":1,"completed":1,"failed":0,"results":[{"command":"sudo find /var/log -type f -size +20M -exec truncate -s 0 {} \\; && sudo apt-get autoremove -y","success":true,"output":"Reading package lists...\nBuilding dependency tree...\nReading state information...\n0 upgraded, 0 newly installed, 0 to remove and 0 not upgraded."}]}
[2026-04-26T05:57:40.654Z] orchestrator: {"status":"degraded","durationMs":4312,"module":"autonomous","alerts":["app_watcher"]}
[2026-04-26T06:02:41.824Z] queue: {"total":1,"completed":1,"failed":0,"results":[{"command":"sudo find /var/log -type f -size +20M -exec truncate -s 0 {} \\; && sudo apt-get autoremove -y","success":true,"output":"Reading package lists...\nBuilding dependency tree...\nReading state information...\n0 upgraded, 0 newly installed, 0 to remove and 0 not upgraded."}]}
[2026-04-26T06:02:41.898Z] orchestrator: {"status":"degraded","durationMs":1561,"module":"autonomous","alerts":["app_watcher"]}
[2026-04-26T06:07:44.156Z] queue: {"total":1,"completed":1,"failed":0,"results":[{"command":"sudo find /var/log -type f -size +20M -exec truncate -s 0 {} \\; && sudo apt-get autoremove -y","success":true,"output":"Reading package lists...\nBuilding dependency tree...\nReading state information...\n0 upgraded, 0 newly installed, 0 to remove and 0 not upgraded."}]}
[2026-04-26T06:07:44.246Z] orchestrator: {"status":"degraded","durationMs":1789,"module":"autonomous","alerts":["app_watcher"]}
[2026-04-26T06:12:47.046Z] queue: {"total":1,"completed":1,"failed":0,"results":[{"command":"sudo find /var/log -type f -size +20M -exec truncate -s 0 {} \\; && sudo apt-get autoremove -y","success":true,"output":"Reading package lists...\nBuilding dependency tree...\nReading state information...\n0 upgraded, 0 newly installed, 0 to remove and 0 not upgraded."}]}
[2026-04-26T06:12:47.124Z] orchestrator: {"status":"degraded","durationMs":1706,"module":"autonomous","alerts":["app_watcher"]}
[2026-04-26T06:17:47.999Z] queue: {"total":1,"completed":1,"failed":0,"results":[{"command":"sudo find /var/log -type f -size +20M -exec truncate -s 0 {} \\; && sudo apt-get autoremove -y","success":true,"output":"Reading package lists...\nBuilding dependency tree...\nReading state information...\n0 upgraded, 0 newly installed, 0 to remove and 0 not upgraded."}]}
[2026-04-26T06:17:48.072Z] orchestrator: {"status":"degraded","durationMs":1748,"module":"autonomous","alerts":["app_watcher"]}
[2026-04-26T06:22:53.577Z] queue: {"total":1,"completed":1,"failed":0,"results":[{"command":"sudo find /var/log -type f -size +20M -exec truncate -s 0 {} \\; && sudo apt-get autoremove -y","success":true,"output":"Reading package lists...\nBuilding dependency tree...\nReading state information...\n0 upgraded, 0 newly installed, 0 to remove and 0 not upgraded."}]}
[2026-04-26T06:22:53.735Z] orchestrator: {"status":"degraded","durationMs":3313,"module":"autonomous","alerts":["app_watcher"]}
[2026-04-26T06:27:54.146Z] queue: {"total":1,"completed":1,"failed":0,"results":[{"command":"sudo find /var/log -type f -size +20M -exec truncate -s 0 {} \\; && sudo apt-get autoremove -y","success":true,"output":"Reading package lists...\nBuilding dependency tree...\nReading state information...\n0 upgraded, 0 newly installed, 0 to remove and 0 not upgraded."}]}
[2026-04-26T06:27:54.217Z] orchestrator: {"status":"degraded","durationMs":1879,"module":"autonomous","alerts":["app_watcher"]}
[2026-04-26T06:32:57.065Z] queue: {"total":1,"completed":1,"failed":0,"results":[{"command":"sudo find /var/log -type f -size +20M -exec truncate -s 0 {} \\; && sudo apt-get autoremove -y","success":true,"output":"Reading package lists...\nBuilding dependency tree...\nReading state information...\n0 upgraded, 0 newly installed, 0 to remove and 0 not upgraded."}]}
[2026-04-26T06:32:57.139Z] orchestrator: {"status":"degraded","durationMs":1802,"module":"autonomous","alerts":["app_watcher"]}
[2026-04-26T06:37:58.891Z] queue: {"total":1,"completed":1,"failed":0,"results":[{"command":"sudo find /var/log -type f -size +20M -exec truncate -s 0 {} \\; && sudo apt-get autoremove -y","success":true,"output":"Reading package lists...\nBuilding dependency tree...\nReading state information...\n0 upgraded, 0 newly installed, 0 to remove and 0 not upgraded."}]}
[2026-04-26T06:37:58.974Z] orchestrator: {"status":"degraded","durationMs":2534,"module":"autonomous","alerts":["app_watcher"]}
[2026-04-26T06:43:01.846Z] queue: {"total":1,"completed":1,"failed":0,"results":[{"command":"sudo find /var/log -type f -size +20M -exec truncate -s 0 {} \\; && sudo apt-get autoremove -y","success":true,"output":"Reading package lists...\nBuilding dependency tree...\nReading state information...\n0 upgraded, 0 newly installed, 0 to remove and 0 not upgraded."}]}
[2026-04-26T06:43:01.916Z] orchestrator: {"status":"degraded","durationMs":1583,"module":"autonomous","alerts":["app_watcher"]}
[2026-04-26T06:48:05.454Z] queue: {"total":1,"completed":1,"failed":0,"results":[{"command":"sudo find /var/log -type f -size +20M -exec truncate -s 0 {} \\; && sudo apt-get autoremove -y","success":true,"output":"Reading package lists...\nBuilding dependency tree...\nReading state information...\n0 upgraded, 0 newly installed, 0 to remove and 0 not upgraded."}]}
[2026-04-26T06:48:05.537Z] orchestrator: {"status":"degraded","durationMs":3093,"module":"autonomous","alerts":["app_watcher"]}
[2026-04-26T06:53:08.320Z] queue: {"total":1,"completed":1,"failed":0,"results":[{"command":"sudo find /var/log -type f -size +20M -exec truncate -s 0 {} \\; && sudo apt-get autoremove -y","success":true,"output":"Reading package lists...\nBuilding dependency tree...\nReading state information...\n0 upgraded, 0 newly installed, 0 to remove and 0 not upgraded."}]}
[2026-04-26T06:53:08.517Z] orchestrator: {"status":"degraded","durationMs":3068,"module":"autonomous","alerts":["app_watcher"]}
[2026-04-26T06:58:08.301Z] queue: {"total":1,"completed":1,"failed":0,"results":[{"command":"sudo find /var/log -type f -size +20M -exec truncate -s 0 {} \\; && sudo apt-get autoremove -y","success":true,"output":"Reading package lists...\nBuilding dependency tree...\nReading state information...\n0 upgraded, 0 newly installed, 0 to remove and 0 not upgraded."}]}
[2026-04-26T06:58:08.504Z] orchestrator: {"status":"degraded","durationMs":2045,"module":"autonomous","alerts":["app_watcher"]}
[2026-04-26T07:03:13.513Z] queue: {"total":1,"completed":1,"failed":0,"results":[{"command":"sudo find /var/log -type f -size +20M -exec truncate -s 0 {} \\; && sudo apt-get autoremove -y","success":true,"output":"Reading package lists...\nBuilding dependency tree...\nReading state information...\n0 upgraded, 0 newly installed, 0 to remove and 0 not upgraded."}]}
[2026-04-26T07:03:13.701Z] orchestrator: {"status":"degraded","durationMs":3179,"module":"autonomous","alerts":["app_watcher"]}
[2026-04-26T07:08:15.577Z] queue: {"total":1,"completed":1,"failed":0,"results":[{"command":"sudo find /var/log -type f -size +20M -exec truncate -s 0 {} \\; && sudo apt-get autoremove -y","success":true,"output":"Reading package lists...\nBuilding dependency tree...\nReading state information...\n0 upgraded, 0 newly installed, 0 to remove and 0 not upgraded."}]}
[2026-04-26T07:08:15.647Z] orchestrator: {"status":"degraded","durationMs":3193,"module":"autonomous","alerts":["app_watcher"]}
[2026-04-26T07:08:34.957Z] queue: {"total":1,"completed":1,"failed":0,"results":[{"command":"sudo find /var/log -type f -size +20M -exec truncate -s 0 {} \\; && sudo apt-get autoremove -y","success":true,"output":"Reading package lists...\nBuilding dependency tree...\nReading state information...\n0 upgraded, 0 newly installed, 0 to remove and 0 not upgraded."}]}
[2026-04-26T07:08:35.024Z] orchestrator: {"status":"degraded","durationMs":3108,"module":"autonomous","alerts":["app_watcher"]}
